Component: ARM Compiler 5.06 update 5 (build 528) Tool: armlink [4d35e2]

==============================================================================

Section Cross References

    startup_stm32h750xx.o(RESET) refers to startup_stm32h750xx.o(STACK) for __initial_sp
    startup_stm32h750xx.o(RESET) refers to startup_stm32h750xx.o(.text) for Reset_Handler
    startup_stm32h750xx.o(RESET) refers to stm32h7xx_it.o(i.NMI_Handler) for NMI_Handler
    startup_stm32h750xx.o(RESET) refers to stm32h7xx_it.o(i.HardFault_Handler) for HardFault_Handler
    startup_stm32h750xx.o(RESET) refers to stm32h7xx_it.o(i.MemManage_Handler) for MemManage_Handler
    startup_stm32h750xx.o(RESET) refers to stm32h7xx_it.o(i.BusFault_Handler) for BusFault_Handler
    startup_stm32h750xx.o(RESET) refers to stm32h7xx_it.o(i.UsageFault_Handler) for UsageFault_Handler
    startup_stm32h750xx.o(RESET) refers to stm32h7xx_it.o(i.SVC_Handler) for SVC_Handler
    startup_stm32h750xx.o(RESET) refers to stm32h7xx_it.o(i.DebugMon_Handler) for DebugMon_Handler
    startup_stm32h750xx.o(RESET) refers to stm32h7xx_it.o(i.PendSV_Handler) for PendSV_Handler
    startup_stm32h750xx.o(RESET) refers to stm32h7xx_it.o(i.SysTick_Handler) for SysTick_Handler
    startup_stm32h750xx.o(RESET) refers to stm32h7xx_it.o(i.EXTI0_IRQHandler) for EXTI0_IRQHandler
    startup_stm32h750xx.o(RESET) refers to stm32h7xx_it.o(i.DMA2_Stream7_IRQHandler) for DMA2_Stream7_IRQHandler
    startup_stm32h750xx.o(RESET) refers to stm32h7xx_it.o(i.DCMI_IRQHandler) for DCMI_IRQHandler
    startup_stm32h750xx.o(.text) refers to system_stm32h7xx.o(i.SystemInit) for SystemInit
    startup_stm32h750xx.o(.text) refers to entry.o(.ARM.Collect$$$$00000000) for __main
    main.o(i.MPU_Config) refers to stm32h7xx_hal_cortex.o(i.HAL_MPU_Disable) for HAL_MPU_Disable
    main.o(i.MPU_Config) refers to stm32h7xx_hal_cortex.o(i.HAL_MPU_ConfigRegion) for HAL_MPU_ConfigRegion
    main.o(i.MPU_Config) refers to stm32h7xx_hal_cortex.o(i.HAL_MPU_Enable) for HAL_MPU_Enable
    main.o(i.MX_DCMI_Init) refers to stm32h7xx_hal_dcmi.o(i.HAL_DCMI_Init) for HAL_DCMI_Init
    main.o(i.MX_DCMI_Init) refers to main.o(.bss) for .bss
    main.o(i.MX_GPIO_Init) refers to memseta.o(.text) for __aeabi_memclr4
    main.o(i.MX_GPIO_Init) refers to stm32h7xx_hal_gpio.o(i.HAL_GPIO_WritePin) for HAL_GPIO_WritePin
    main.o(i.MX_GPIO_Init) refers to stm32h7xx_hal_gpio.o(i.HAL_GPIO_Init) for HAL_GPIO_Init
    main.o(i.MX_SPI6_Init) refers to stm32h7xx_hal_spi.o(i.HAL_SPI_Init) for HAL_SPI_Init
    main.o(i.MX_SPI6_Init) refers to main.o(.bss) for .bss
    main.o(i.MX_USART1_UART_Init) refers to stm32h7xx_hal_uart.o(i.HAL_UART_Init) for HAL_UART_Init
    main.o(i.MX_USART1_UART_Init) refers to stm32h7xx_hal_uart_ex.o(i.HAL_UARTEx_SetTxFifoThreshold) for HAL_UARTEx_SetTxFifoThreshold
    main.o(i.MX_USART1_UART_Init) refers to stm32h7xx_hal_uart_ex.o(i.HAL_UARTEx_SetRxFifoThreshold) for HAL_UARTEx_SetRxFifoThreshold
    main.o(i.MX_USART1_UART_Init) refers to stm32h7xx_hal_uart_ex.o(i.HAL_UARTEx_DisableFifoMode) for HAL_UARTEx_DisableFifoMode
    main.o(i.MX_USART1_UART_Init) refers to main.o(.bss) for .bss
    main.o(i.MX_USART2_UART_Init) refers to stm32h7xx_hal_uart.o(i.HAL_UART_Init) for HAL_UART_Init
    main.o(i.MX_USART2_UART_Init) refers to main.o(.bss) for .bss
    main.o(i.SystemClock_Config) refers to memseta.o(.text) for __aeabi_memclr4
    main.o(i.SystemClock_Config) refers to stm32h7xx_hal_pwr_ex.o(i.HAL_PWREx_ConfigSupply) for HAL_PWREx_ConfigSupply
    main.o(i.SystemClock_Config) refers to stm32h7xx_hal_rcc.o(i.HAL_RCC_OscConfig) for HAL_RCC_OscConfig
    main.o(i.SystemClock_Config) refers to stm32h7xx_hal_rcc.o(i.HAL_RCC_ClockConfig) for HAL_RCC_ClockConfig
    main.o(i.main) refers to main.o(i.MPU_Config) for MPU_Config
    main.o(i.main) refers to stm32h7xx_hal.o(i.HAL_Init) for HAL_Init
    main.o(i.main) refers to main.o(i.SystemClock_Config) for SystemClock_Config
    main.o(i.main) refers to main.o(i.MX_GPIO_Init) for MX_GPIO_Init
    main.o(i.main) refers to stm32h7xx_hal_cortex.o(i.HAL_NVIC_SetPriority) for HAL_NVIC_SetPriority
    main.o(i.main) refers to stm32h7xx_hal_cortex.o(i.HAL_NVIC_EnableIRQ) for HAL_NVIC_EnableIRQ
    main.o(i.main) refers to main.o(i.MX_SPI6_Init) for MX_SPI6_Init
    main.o(i.main) refers to main.o(i.MX_DCMI_Init) for MX_DCMI_Init
    main.o(i.main) refers to main.o(i.MX_USART1_UART_Init) for MX_USART1_UART_Init
    main.o(i.main) refers to main.o(i.MX_USART2_UART_Init) for MX_USART2_UART_Init
    main.o(i.main) refers to stm32h7xx_hal_qspi.o(i.HAL_QSPI_Init) for HAL_QSPI_Init
    main.o(i.main) refers to printfa.o(i.__0printf) for __2printf
    main.o(i.main) refers to led.o(i.LED_Init) for LED_Init
    main.o(i.main) refers to lcd_spi_200.o(i.SPI_LCD_Init) for SPI_LCD_Init
    main.o(i.main) refers to qspi_w25q256.o(i.QSPI_W25Qxx_Init) for QSPI_W25Qxx_Init
[...]
    0x080151a0   0x080151a0   0x00000008   Data   RO         5296    .constdata          network_2.o
    0x080151a8   0x080151a8   0x00000008   Data   RO         5297    .constdata          network_2.o
    0x080151b0   0x080151b0   0x00000008   Data   RO         5298    .constdata          network_2.o
    0x080151b8   0x080151b8   0x00000008   Data   RO         5299    .constdata          network_2.o
    0x080151c0   0x080151c0   0x00000008   Data   RO         5300    .constdata          network_2.o
    0x080151c8   0x080151c8   0x00000008   Data   RO         5301    .constdata          network_2.o
    0x080151d0   0x080151d0   0x00000008   Data   RO         5302    .constdata          network_2.o
    0x080151d8   0x080151d8   0x00000008   Data   RO         5303    .constdata          network_2.o
    0x080151e0   0x080151e0   0x00000008   Data   RO         5304    .constdata          network_2.o
    0x080151e8   0x080151e8   0x00000008   Data   RO         5305    .constdata          network_2.o
    0x080151f0   0x080151f0   0x00000008   Data   RO         5306    .constdata          network_2.o
    0x080151f8   0x080151f8   0x00000008   Data   RO         5307    .constdata          network_2.o
    0x08015200   0x08015200   0x00000008   Data   RO         5308    .constdata          network_2.o
    0x08015208   0x08015208   0x00000008   Data   RO         5309    .constdata          network_2.o
    0x08015210   0x08015210   0x00000008   Data   RO         5310    .constdata          network_2.o
    0x08015218   0x08015218   0x00000008   Data   RO         5311    .constdata          network_2.o
    0x08015220   0x08015220   0x00000008   Data   RO         5312    .constdata          network_2.o
    0x08015228   0x08015228   0x00000008   Data   RO         5313    .constdata          network_2.o
    0x08015230   0x08015230   0x00000008   Data   RO         5314    .constdata          network_2.o
    0x08015238   0x08015238   0x00000008   Data   RO         5315    .constdata          network_2.o
    0x08015240   0x08015240   0x00000008   Data   RO         5316    .constdata          network_2.o
    0x08015248   0x08015248   0x00000008   Data   RO         5317    .constdata          network_2.o
    0x08015250   0x08015250   0x00000008   Data   RO         5318    .constdata          network_2.o
    0x08015258   0x08015258   0x00000008   Data   RO         5319    .constdata          network_2.o
    0x08015260   0x08015260   0x00000008   Data   RO         5320    .constdata          network_2.o
    0x08015268   0x08015268   0x00000008   Data   RO         5321    .constdata          network_2.o
    0x08015270   0x08015270   0x00000008   Data   RO         5322    .constdata          network_2.o
    0x08015278   0x08015278   0x00000008   Data   RO         5323    .constdata          network_2.o
    0x08015280   0x08015280   0x00000008   Data   RO         5324    .constdata          network_2.o
    0x08015288   0x08015288   0x00000008   Data   RO         5325    .constdata          network_2.o
    0x08015290   0x08015290   0x0000000c   Data   RO         5326    .constdata          network_2.o
    0x0801529c   0x0801529c   0x00000010   Data   RO         5327    .constdata          network_2.o
    0x080152ac   0x080152ac   0x00000008   Data   RO         5328    .constdata          network_2.o
    0x080152b4   0x080152b4   0x00000008   Data   RO         5329    .constdata          network_2.o
    0x080152bc   0x080152bc   0x00000008   Data   RO         5330    .constdata          network_2.o
    0x080152c4   0x080152c4   0x00000008   Data   RO         5331    .constdata          network_2.o
    0x080152cc   0x080152cc   0x00000008   Data   RO         5332    .constdata          network_2.o
    0x080152d4   0x080152d4   0x00000001   Data   RO         5333    .constdata          network_2.o
    0x080152d5   0x080152d5   0x00000003   PAD
    0x080152d8   0x080152d8   0x00000010   Data   RO         5334    .constdata          network_2.o
    0x080152e8   0x080152e8   0x00000008   Data   RO         5335    .constdata          network_2.o
    0x080152f0   0x080152f0   0x00000008   Data   RO         5336    .constdata          network_2.o
    0x080152f8   0x080152f8   0x00000008   Data   RO         5337    .constdata          network_2.o
    0x08015300   0x08015300   0x00000001   Data   RO         5338    .constdata          network_2.o
    0x08015301   0x08015301   0x00000003   PAD
    0x08015304   0x08015304   0x00000010   Data   RO         5339    .constdata          network_2.o
    0x08015314   0x08015314   0x00000008   Data   RO         5340    .constdata          network_2.o
    0x0801531c   0x0801531c   0x00000008   Data   RO         5341    .constdata          network_2.o
    0x08015324   0x08015324   0x00000008   Data   RO         5342    .constdata          network_2.o
    0x0801532c   0x0801532c   0x00000001   Data   RO         5343    .constdata          network_2.o
    0x0801532d   0x0801532d   0x00000003   PAD
    0x08015330   0x08015330   0x00000010   Data   RO         5344    .constdata          network_2.o
    0x08015340   0x08015340   0x00000008   Data   RO         5345    .constdata          network_2.o
    0x08015348   0x08015348   0x00000008   Data   RO         5346    .constdata          network_2.o
    0x08015350   0x08015350   0x00000008   Data   RO         5347    .constdata          network_2.o
    0x08015358   0x08015358   0x00000001   Data   RO         5348    .constdata          network_2.o
    0x08015359   0x08015359   0x00000003   PAD
    0x0801535c   0x0801535c   0x00000010   Data   RO         5349    .constdata          network_2.o
    0x0801536c   0x0801536c   0x00000008   Data   RO         5350    .constdata          network_2.o
    0x08015374   0x08015374   0x00000008   Data   RO         5351    .constdata          network_2.o
    0x0801537c   0x0801537c   0x00000008   Data   RO         5352    .constdata          network_2.o
    0x08015384   0x08015384   0x00000001   Data   RO         5353    .constdata          network_2.o
    0x08015385   0x08015385   0x00000003   PAD
    0x08015388   0x08015388   0x00000010   Data   RO         5354    .constdata          network_2.o
    0x08015398   0x08015398   0x00000008   Data   RO         5355    .constdata          network_2.o
    0x080153a0   0x080153a0   0x00000008   Data   RO         5356    .constdata          network_2.o
    0x080153a8   0x080153a8   0x00000008   Data   RO         5357    .constdata          network_2.o
    0x080153b0   0x080153b0   0x00000001   Data   RO         5358    .constdata          network_2.o
    0x080153b1   0x080153b1   0x00000003   PAD
    0x080153b4   0x080153b4   0x00000010   Data   RO         5359    .constdata          network_2.o
    0x080153c4   0x080153c4   0x00000008   Data   RO         5360    .constdata          network_2.o
    0x080153cc   0x080153cc   0x00000008   Data   RO         5361    .constdata          network_2.o
    0x080153d4   0x080153d4   0x00000008   Data   RO         5362    .constdata          network_2.o
    0x080153dc   0x080153dc   0x00000001   Data   RO         5363    .constdata          network_2.o
    0x080153dd   0x080153dd   0x00000003   PAD
    0x080153e0   0x080153e0   0x00000010   Data   RO         5364    .constdata          network_2.o
    0x080153f0   0x080153f0   0x00000008   Data   RO         5365    .constdata          network_2.o
    0x080153f8   0x080153f8   0x00000008   Data   RO         5366    .constdata          network_2.o
    0x08015400   0x08015400   0x00000008   Data   RO         5367    .constdata          network_2.o
    0x08015408   0x08015408   0x00000001   Data   RO         5368    .constdata          network_2.o
    0x08015409   0x08015409   0x00000003   PAD
    0x0801540c   0x0801540c   0x00000010   Data   RO         5369    .constdata          network_2.o
    0x0801541c   0x0801541c   0x00000008   Data   RO         5370    .constdata          network_2.o
    0x08015424   0x08015424   0x00000008   Data   RO         5371    .constdata          network_2.o
    0x0801542c   0x0801542c   0x00000008   Data   RO         5372    .constdata          network_2.o
    0x08015434   0x08015434   0x00000001   Data   RO         5373    .constdata          network_2.o
    0x08015435   0x08015435   0x00000003   PAD
    0x08015438   0x08015438   0x00000010   Data   RO         5374    .constdata          network_2.o
    0x08015448   0x08015448   0x00000008   Data   RO         5375    .constdata          network_2.o
    0x08015450   0x08015450   0x00000008   Data   RO         5376    .constdata          network_2.o
    0x08015458   0x08015458   0x00000008   Data   RO         5377    .constdata          network_2.o
    0x08015460   0x08015460   0x00000001   Data   RO         5378    .constdata          network_2.o
    0x08015461   0x08015461   0x00000003   PAD
    0x08015464   0x08015464   0x00000010   Data   RO         5379    .constdata          network_2.o
    0x08015474   0x08015474   0x00000008   Data   RO         5380    .constdata          network_2.o
    0x0801547c   0x0801547c   0x00000008   Data   RO         5381    .constdata          network_2.o
    0x08015484   0x08015484   0x00000008   Data   RO         5382    .constdata          network_2.o
    0x0801548c   0x0801548c   0x00000001   Data   RO         5383    .constdata          network_2.o
    0x0801548d   0x0801548d   0x00000003   PAD
    0x08015490   0x08015490   0x00000010   Data   RO         5384    .constdata          network_2.o
    0x080154a0   0x080154a0   0x00000008   Data   RO         5385    .constdata          network_2.o
    0x080154a8   0x080154a8   0x00000008   Data   RO         5386    .constdata          network_2.o
    0x080154b0   0x080154b0   0x00000008   Data   RO         5387    .constdata          network_2.o
    0x080154b8   0x080154b8   0x00000001   Data   RO         5388    .constdata          network_2.o
    0x080154b9   0x080154b9   0x00000003   PAD
    0x080154bc   0x080154bc   0x00000010   Data   RO         5389    .constdata          network_2.o
    0x080154cc   0x080154cc   0x00000008   Data   RO         5390    .constdata          network_2.o
    0x080154d4   0x080154d4   0x00000008   Data   RO         5391    .constdata          network_2.o
    0x080154dc   0x080154dc   0x00000008   Data   RO         5392    .constdata          network_2.o
    0x080154e4   0x080154e4   0x00000001   Data   RO         5393    .constdata          network_2.o
    0x080154e5   0x080154e5   0x00000003   PAD
    0x080154e8   0x080154e8   0x00000010   Data   RO         5394    .constdata          network_2.o
    0x080154f8   0x080154f8   0x00000008   Data   RO         5395    .constdata          network_2.o
    0x08015500   0x08015500   0x00000008   Data   RO         5396    .constdata          network_2.o
    0x08015508   0x08015508   0x00000068   Data   RO         6306    .constdata          network_2_data.o
    0x08015570   0x08015570   0x00000068   Data   RO         6419    .constdata          NetworkRuntime1020_CM7_Keil.lib(ai_platform_interface.o)
    0x080155d8   0x080155d8   0x0000010b   Data   RO         1200    .conststring        esp32_iot.o
    0x080156e3   0x080156e3   0x00000001   PAD
    0x080156e4   0x080156e4   0x00000040   Data   RO         8352    Region$$Table       anon$$obj.o


    Execution Region RW_IRAM1 (Exec base: 0x20000000, Load base: 0x08015724, Size: 0x000082a8, Max: 0x00020000, ABSOLUTE, COMPRESSED[0x00000fa8])

    Exec Addr    Load Addr    Size         Type   Attr      Idx    E Section Name        Object

    0x20000000   COMPRESSED   0x00000008   Data   RW          541    .data               lcd_spi_200.o
    0x20000008   COMPRESSED   0x0000000c   Data   RW          767    .data               lcd_fonts.o
    0x20000014   COMPRESSED   0x00000008   Data   RW         4962    .data               system_stm32h7xx.o
    0x2000001c   COMPRESSED   0x00000010   Data   RW         5399    .data               network_2.o
    0x2000002c   COMPRESSED   0x00000010   Data   RW         5401    .data               network_2.o
    0x2000003c   COMPRESSED   0x00000010   Data   RW         5403    .data               network_2.o
    0x2000004c   COMPRESSED   0x00000010   Data   RW         5405    .data               network_2.o
    0x2000005c   COMPRESSED   0x00000010   Data   RW         5407    .data               network_2.o
    0x2000006c   COMPRESSED   0x00000010   Data   RW         5409    .data               network_2.o
    0x2000007c   COMPRESSED   0x00000010   Data   RW         5411    .data               network_2.o
    0x2000008c   COMPRESSED   0x00000010   Data   RW         5413    .data               network_2.o
    0x2000009c   COMPRESSED   0x00000010   Data   RW         5415    .data               network_2.o
    0x200000ac   COMPRESSED   0x00000010   Data   RW         5417    .data               network_2.o
    0x200000bc   COMPRESSED   0x00000010   Data   RW         5419    .data               network_2.o
    0x200000cc   COMPRESSED   0x00000010   Data   RW         5421    .data               network_2.o
    0x200000dc   COMPRESSED   0x00000010   Data   RW         5423    .data               network_2.o
    0x200000ec   COMPRESSED   0x00000010   Data   RW         5425    .data               network_2.o
    0x200000fc   COMPRESSED   0x00000010   Data   RW         5427    .data               network_2.o
    0x2000010c   COMPRESSED   0x00000010   Data   RW         5429    .data               network_2.o
    0x2000011c   COMPRESSED   0x00000010   Data   RW         5431    .data               network_2.o
    0x2000012c   COMPRESSED   0x00000010   Data   RW         5433    .data               network_2.o
    0x2000013c   COMPRESSED   0x00000010   Data   RW         5435    .data               network_2.o
    0x2000014c   COMPRESSED   0x00000010   Data   RW         5437    .data               network_2.o
    0x2000015c   COMPRESSED   0x00000010   Data   RW         5439    .data               network_2.o
    0x2000016c   COMPRESSED   0x00000010   Data   RW         5441    .data               network_2.o
    0x2000017c   COMPRESSED   0x00000010   Data   RW         5443    .data               network_2.o
    0x2000018c   COMPRESSED   0x00000010   Data   RW         5445    .data               network_2.o
    0x2000019c   COMPRESSED   0x00000010   Data   RW         5447    .data               network_2.o
    0x200001ac   COMPRESSED   0x00000010   Data   RW         5449    .data               network_2.o
    0x200001bc   COMPRESSED   0x00000010   Data   RW         5451    .data               network_2.o
    0x200001cc   COMPRESSED   0x00000010   Data   RW         5453    .data               network_2.o
    0x200001dc   COMPRESSED   0x00000010   Data   RW         5455    .data               network_2.o
    0x200001ec   COMPRESSED   0x00000010   Data   RW         5457    .data               network_2.o
    0x200001fc   COMPRESSED   0x00000010   Data   RW         5459    .data               network_2.o
    0x2000020c   COMPRESSED   0x00000010   Data   RW         5461    .data               network_2.o
    0x2000021c   COMPRESSED   0x00000010   Data   RW         5463    .data               network_2.o
    0x2000022c   COMPRESSED   0x00000010   Data   RW         5465    .data               network_2.o
    0x2000023c   COMPRESSED   0x00000010   Data   RW         5467    .data               network_2.o
    0x2000024c   COMPRESSED   0x00000010   Data   RW         5469    .data               network_2.o
    0x2000025c   COMPRESSED   0x00000010   Data   RW         5471    .data               network_2.o
    0x2000026c   COMPRESSED   0x00000010   Data   RW         5473    .data               network_2.o
    0x2000027c   COMPRESSED   0x00000010   Data   RW         5475    .data               network_2.o
    0x2000028c   COMPRESSED   0x00000010   Data   RW         5477    .data               network_2.o
    0x2000029c   COMPRESSED   0x00000010   Data   RW         5479    .data               network_2.o
    0x200002ac   COMPRESSED   0x00000010   Data   RW         5481    .data               network_2.o
    0x200002bc   COMPRESSED   0x00000010   Data   RW         5483    .data               network_2.o
    0x200002cc   COMPRESSED   0x00000010   Data   RW         5485    .data               network_2.o
    0x200002dc   COMPRESSED   0x00000010   Data   RW         5487    .data               network_2.o
    0x200002ec   COMPRESSED   0x00000010   Data   RW         5489    .data               network_2.o
    0x200002fc   COMPRESSED   0x00000010   Data   RW         5491    .data               network_2.o
    0x2000030c   COMPRESSED   0x00000010   Data   RW         5493    .data               network_2.o
    0x2000031c   COMPRESSED   0x00000010   Data   RW         5495    .data               network_2.o
    0x2000032c   COMPRESSED   0x00000010   Data   RW         5497    .data               network_2.o
    0x2000033c   COMPRESSED   0x00000010   Data   RW         5499    .data               network_2.o
    0x2000034c   COMPRESSED   0x00000010   Data   RW         5501    .data               network_2.o
    0x2000035c   COMPRESSED   0x00000010   Data   RW         5503    .data               network_2.o
    0x2000036c   COMPRESSED   0x00000010   Data   RW         5505    .data               network_2.o
    0x2000037c   COMPRESSED   0x00000010   Data   RW         5507    .data               network_2.o
    0x2000038c   COMPRESSED   0x00000010   Data   RW         5509    .data               network_2.o
    0x2000039c   COMPRESSED   0x00000010   Data   RW         5511    .data               network_2.o
    0x200003ac   COMPRESSED   0x00000010   Data   RW         5513    .data               network_2.o
    0x200003bc   COMPRESSED   0x00000010   Data   RW         5515    .data               network_2.o
    0x200003cc   COMPRESSED   0x00000010   Data   RW         5517    .data               network_2.o
    0x200003dc   COMPRESSED   0x00000010   Data   RW         5519    .data               network_2.o
    0x200003ec   COMPRESSED   0x00000010   Data   RW         5521    .data               network_2.o
    0x200003fc   COMPRESSED   0x00000010   Data   RW         5523    .data               network_2.o
    0x2000040c   COMPRESSED   0x00000010   Data   RW         5525    .data               network_2.o
    0x2000041c   COMPRESSED   0x00000010   Data   RW         5527    .data               network_2.o
    0x2000042c   COMPRESSED   0x00000010   Data   RW         5529    .data               network_2.o
    0x2000043c   COMPRESSED   0x00000010   Data   RW         5531    .data               network_2.o
    0x2000044c   COMPRESSED   0x00000010   Data   RW         5533    .data               network_2.o
    0x2000045c   COMPRESSED   0x00000010   Data   RW         5535    .data               network_2.o
    0x2000046c   COMPRESSED   0x00000010   Data   RW         5537    .data               network_2.o
    0x2000047c   COMPRESSED   0x00000010   Data   RW         5539    .data               network_2.o
    0x2000048c   COMPRESSED   0x00000010   Data   RW         5541    .data               network_2.o
    0x2000049c   COMPRESSED   0x00000010   Data   RW         5543    .data               network_2.o
    0x200004ac   COMPRESSED   0x00000010   Data   RW         5545    .data               network_2.o
    0x200004bc   COMPRESSED   0x00000010   Data   RW         5547    .data               network_2.o
    0x200004cc   COMPRESSED   0x00000010   Data   RW         5549    .data               network_2.o
    0x200004dc   COMPRESSED   0x00000010   Data   RW         5551    .data               network_2.o
    0x200004ec   COMPRESSED   0x00000010   Data   RW         5553    .data               network_2.o
    0x200004fc   COMPRESSED   0x00000010   Data   RW         5555    .data               network_2.o
    0x2000050c   COMPRESSED   0x00000010   Data   RW         5557    .data               network_2.o
    0x2000051c   COMPRESSED   0x00000010   Data   RW         5559    .data               network_2.o
    0x2000052c   COMPRESSED   0x00000010   Data   RW         5561    .data               network_2.o
    0x2000053c   COMPRESSED   0x00000010   Data   RW         5563    .data               network_2.o
    0x2000054c   COMPRESSED   0x00000010   Data   RW         5565    .data               network_2.o
    0x2000055c   COMPRESSED   0x00000010   Data   RW         5567    .data               network_2.o
    0x2000056c   COMPRESSED   0x00000010   Data   RW         5569    .data               network_2.o
    0x2000057c   COMPRESSED   0x00000010   Data   RW         5571    .data               network_2.o
    0x2000058c   COMPRESSED   0x00000010   Data   RW         5573    .data               network_2.o
    0x2000059c   COMPRESSED   0x00000010   Data   RW         5575    .data               network_2.o
    0x200005ac   COMPRESSED   0x00000010   Data   RW         5577    .data               network_2.o
    0x200005bc   COMPRESSED   0x00000010   Data   RW         5579    .data               network_2.o
    0x200005cc   COMPRESSED   0x00000010   Data   RW         5581    .data               network_2.o
    0x200005dc   COMPRESSED   0x00000010   Data   RW         5583    .data               network_2.o
    0x200005ec   COMPRESSED   0x00000010   Data   RW         5585    .data               network_2.o
    0x200005fc   COMPRESSED   0x00000010   Data   RW         5587    .data               network_2.o
    0x2000060c   COMPRESSED   0x00000010   Data   RW         5589    .data               network_2.o
    0x2000061c   COMPRESSED   0x00000010   Data   RW         5591    .data               network_2.o
    0x2000062c   COMPRESSED   0x00000010   Data   RW         5593    .data               network_2.o
    0x2000063c   COMPRESSED   0x00000010   Data   RW         5595    .data               network_2.o
    0x2000064c   COMPRESSED   0x00000010   Data   RW         5597    .data               network_2.o
    0x2000065c   COMPRESSED   0x00000010   Data   RW         5599    .data               network_2.o
    0x2000066c   COMPRESSED   0x00000010   Data   RW         5601    .data               network_2.o
    0x2000067c   COMPRESSED   0x00000010   Data   RW         5603    .data               network_2.o
    0x2000068c   COMPRESSED   0x00000010   Data   RW         5605    .data               network_2.o
    0x2000069c   COMPRESSED   0x00000010   Data   RW         5607    .data               network_2.o
    0x200006ac   COMPRESSED   0x00000010   Data   RW         5609    .data               network_2.o
    0x200006bc   COMPRESSED   0x00000010   Data   RW         5611    .data               network_2.o
    0x200006cc   COMPRESSED   0x00000010   Data   RW         5613    .data               network_2.o
    0x200006dc   COMPRESSED   0x00000010   Data   RW         5615    .data               network_2.o
    0x200006ec   COMPRESSED   0x00000010   Data   RW         5617    .data               network_2.o
    0x200006fc   COMPRESSED   0x00000010   Data   RW         5619    .data               network_2.o
    0x2000070c   COMPRESSED   0x00000010   Data   RW         5621    .data               network_2.o
    0x2000071c   COMPRESSED   0x00000010   Data   RW         5623    .data               network_2.o
    0x2000072c   COMPRESSED   0x00000010   Data   RW         5625    .data               network_2.o
    0x2000073c   COMPRESSED   0x00000010   Data   RW         5627    .data               network_2.o
    0x2000074c   COMPRESSED   0x00000010   Data   RW         5629    .data               network_2.o
    0x2000075c   COMPRESSED   0x00000010   Data   RW         5631    .data               network_2.o
    0x2000076c   COMPRESSED   0x00000010   Data   RW         5633    .data               network_2.o
    0x2000077c   COMPRESSED   0x00000010   Data   RW         5635    .data               network_2.o
    0x2000078c   COMPRESSED   0x00000010   Data   RW         5637    .data               network_2.o
    0x2000079c   COMPRESSED   0x00000010   Data   RW         5639    .data               network_2.o
    0x200007ac   COMPRESSED   0x00000010   Data   RW         5641    .data               network_2.o
    0x200007bc   COMPRESSED   0x00000010   Data   RW         5643    .data               network_2.o
    0x200007cc   COMPRESSED   0x00000010   Data   RW         5645    .data               network_2.o
    0x200007dc   COMPRESSED   0x00000010   Data   RW         5647    .data               network_2.o
    0x200007ec   COMPRESSED   0x00000010   Data   RW         5649    .data               network_2.o
    0x200007fc   COMPRESSED   0x00000010   Data   RW         5651    .data               network_2.o
    0x2000080c   COMPRESSED   0x00000010   Data   RW         5653    .data               network_2.o
    0x2000081c   COMPRESSED   0x00000010   Data   RW         5655    .data               network_2.o
    0x2000082c   COMPRESSED   0x00000004   Data   RW         5658    .data               network_2.o
    0x20000830   COMPRESSED   0x00000004   Data   RW         5660    .data               network_2.o
    0x20000834   COMPRESSED   0x00000030   Data   RW         5661    .data               network_2.o
    0x20000864   COMPRESSED   0x00000004   Data   RW         5663    .data               network_2.o
    0x20000868   COMPRESSED   0x0000000c   Data   RW         5664    .data               network_2.o
    0x20000874   COMPRESSED   0x00000030   Data   RW         5666    .data               network_2.o
    0x200008a4   COMPRESSED   0x00000004   Data   RW         5667    .data               network_2.o
    0x200008a8   COMPRESSED   0x00000004   Data   RW         5669    .data               network_2.o
    0x200008ac   COMPRESSED   0x00000030   Data   RW         5671    .data               network_2.o
    0x200008dc   COMPRESSED   0x00000004   Data   RW         5672    .data               network_2.o
    0x200008e0   COMPRESSED   0x00000004   Data   RW         5675    .data               network_2.o
    0x200008e4   COMPRESSED   0x00000030   Data   RW         5676    .data               network_2.o
    0x20000914   COMPRESSED   0x00000004   Data   RW         5678    .data               network_2.o
    0x20000918   COMPRESSED   0x0000000c   Data   RW         5679    .data               network_2.o
    0x20000924   COMPRESSED   0x00000030   Data   RW         5681    .data               network_2.o
    0x20000954   COMPRESSED   0x00000004   Data   RW         5682    .data               network_2.o
    0x20000958   COMPRESSED   0x00000004   Data   RW         5684    .data               network_2.o
    0x2000095c   COMPRESSED   0x00000030   Data   RW         5686    .data               network_2.o
    0x2000098c   COMPRESSED   0x00000010   Data   RW         5687    .data               network_2.o
    0x2000099c   COMPRESSED   0x00000004   Data   RW         5688    .data               network_2.o
    0x200009a0   COMPRESSED   0x00000004   Data   RW         5691    .data               network_2.o
    0x200009a4   COMPRESSED   0x00000030   Data   RW         5692    .data               network_2.o
    0x200009d4   COMPRESSED   0x00000004   Data   RW         5694    .data               network_2.o
    0x200009d8   COMPRESSED   0x0000000c   Data   RW         5695    .data               network_2.o
    0x200009e4   COMPRESSED   0x00000030   Data   RW         5697    .data               network_2.o
    0x20000a14   COMPRESSED   0x00000004   Data   RW         5698    .data               network_2.o
    0x20000a18   COMPRESSED   0x00000004   Data   RW         5700    .data               network_2.o
    0x20000a1c   COMPRESSED   0x00000030   Data   RW         5702    .data               network_2.o
    0x20000a4c   COMPRESSED   0x00000004   Data   RW         5704    .data               network_2.o
    0x20000a50   COMPRESSED   0x00000004   Data   RW         5707    .data               network_2.o
    0x20000a54   COMPRESSED   0x00000030   Data   RW         5708    .data               network_2.o
    0x20000a84   COMPRESSED   0x00000004   Data   RW         5710    .data               network_2.o
    0x20000a88   COMPRESSED   0x0000000c   Data   RW         5711    .data               network_2.o
    0x20000a94   COMPRESSED   0x00000030   Data   RW         5713    .data               network_2.o
    0x20000ac4   COMPRESSED   0x00000004   Data   RW         5714    .data               network_2.o
    0x20000ac8   COMPRESSED   0x00000004   Data   RW         5716    .data               network_2.o
    0x20000acc   COMPRESSED   0x00000030   Data   RW         5718    .data               network_2.o
    0x20000afc   COMPRESSED   0x00000010   Data   RW         5719    .data               network_2.o
    0x20000b0c   COMPRESSED   0x00000004   Data   RW         5720    .data               network_2.o
    0x20000b10   COMPRESSED   0x00000004   Data   RW         5723    .data               network_2.o
    0x20000b14   COMPRESSED   0x00000030   Data   RW         5724    .data               network_2.o
    0x20000b44   COMPRESSED   0x00000004   Data   RW         5726    .data               network_2.o
    0x20000b48   COMPRESSED   0x0000000c   Data   RW         5727    .data               network_2.o
    0x20000b54   COMPRESSED   0x00000030   Data   RW         5729    .data               network_2.o
    0x20000b84   COMPRESSED   0x00000004   Data   RW         5730    .data               network_2.o
    0x20000b88   COMPRESSED   0x00000004   Data   RW         5732    .data               network_2.o
    0x20000b8c   COMPRESSED   0x00000030   Data   RW         5734    .data               network_2.o
    0x20000bbc   COMPRESSED   0x00000004   Data   RW         5736    .data               network_2.o
    0x20000bc0   COMPRESSED   0x00000004   Data   RW         5739    .data               network_2.o
    0x20000bc4   COMPRESSED   0x00000030   Data   RW         5740    .data               network_2.o
    0x20000bf4   COMPRESSED   0x00000004   Data   RW         5742    .data               network_2.o
    0x20000bf8   COMPRESSED   0x0000000c   Data   RW         5743    .data               network_2.o
    0x20000c04   COMPRESSED   0x00000030   Data   RW         5745    .data               network_2.o
    0x20000c34   COMPRESSED   0x00000004   Data   RW         5746    .data               network_2.o
    0x20000c38   COMPRESSED   0x00000004   Data   RW         5748    .data               network_2.o
    0x20000c3c   COMPRESSED   0x00000030   Data   RW         5750    .data               network_2.o
    0x20000c6c   COMPRESSED   0x00000010   Data   RW         5751    .data               network_2.o
    0x20000c7c   COMPRESSED   0x00000004   Data   RW         5752    .data               network_2.o
    0x20000c80   COMPRESSED   0x00000004   Data   RW         5755    .data               network_2.o
    0x20000c84   COMPRESSED   0x00000030   Data   RW         5756    .data               network_2.o
    0x20000cb4   COMPRESSED   0x00000004   Data   RW         5758    .data               network_2.o
    0x20000cb8   COMPRESSED   0x0000000c   Data   RW         5759    .data               network_2.o
    0x20000cc4   COMPRESSED   0x00000030   Data   RW         5761    .data               network_2.o
    0x20000cf4   COMPRESSED   0x00000004   Data   RW         5762    .data               network_2.o
    0x20000cf8   COMPRESSED   0x00000004   Data   RW         5764    .data               network_2.o
    0x20000cfc   COMPRESSED   0x00000030   Data   RW         5766    .data               network_2.o
    0x20000d2c   COMPRESSED   0x00000004   Data   RW         5768    .data               network_2.o
    0x20000d30   COMPRESSED   0x00000004   Data   RW         5771    .data               network_2.o
    0x20000d34   COMPRESSED   0x00000030   Data   RW         5772    .data               network_2.o
    0x20000d64   COMPRESSED   0x00000004   Data   RW         5774    .data               network_2.o
    0x20000d68   COMPRESSED   0x0000000c   Data   RW         5775    .data               network_2.o
    0x20000d74   COMPRESSED   0x00000030   Data   RW         5777    .data               network_2.o
    0x20000da4   COMPRESSED   0x00000004   Data   RW         5778    .data               network_2.o
    0x20000da8   COMPRESSED   0x00000004   Data   RW         5780    .data               network_2.o
    0x20000dac   COMPRESSED   0x00000030   Data   RW         5782    .data               network_2.o
    0x20000ddc   COMPRESSED   0x00000010   Data   RW         5783    .data               network_2.o
    0x20000dec   COMPRESSED   0x00000004   Data   RW         5784    .data               network_2.o
    0x20000df0   COMPRESSED   0x00000004   Data   RW         5787    .data               network_2.o
    0x20000df4   COMPRESSED   0x00000030   Data   RW         5788    .data               network_2.o
    0x20000e24   COMPRESSED   0x00000004   Data   RW         5790    .data               network_2.o
    0x20000e28   COMPRESSED   0x0000000c   Data   RW         5791    .data               network_2.o
    0x20000e34   COMPRESSED   0x00000030   Data   RW         5793    .data               network_2.o
    0x20000e64   COMPRESSED   0x00000004   Data   RW         5794    .data               network_2.o
    0x20000e68   COMPRESSED   0x00000004   Data   RW         5796    .data               network_2.o
    0x20000e6c   COMPRESSED   0x00000030   Data   RW         5798    .data               network_2.o
    0x20000e9c   COMPRESSED   0x00000004   Data   RW         5800    .data               network_2.o
    0x20000ea0   COMPRESSED   0x00000004   Data   RW         5803    .data               network_2.o
    0x20000ea4   COMPRESSED   0x00000030   Data   RW         5804    .data               network_2.o
    0x20000ed4   COMPRESSED   0x00000004   Data   RW         5806    .data               network_2.o
    0x20000ed8   COMPRESSED   0x0000000c   Data   RW         5807    .data               network_2.o
    0x20000ee4   COMPRESSED   0x00000030   Data   RW         5809    .data               network_2.o
    0x20000f14   COMPRESSED   0x00000004   Data   RW         5810    .data               network_2.o
    0x20000f18   COMPRESSED   0x00000004   Data   RW         5812    .data               network_2.o
    0x20000f1c   COMPRESSED   0x00000030   Data   RW         5814    .data               network_2.o
    0x20000f4c   COMPRESSED   0x00000010   Data   RW         5815    .data               network_2.o
    0x20000f5c   COMPRESSED   0x00000004   Data   RW         5816    .data               network_2.o
    0x20000f60   COMPRESSED   0x00000004   Data   RW         5819    .data               network_2.o
    0x20000f64   COMPRESSED   0x00000030   Data   RW         5820    .data               network_2.o
    0x20000f94   COMPRESSED   0x00000004   Data   RW         5822    .data               network_2.o
    0x20000f98   COMPRESSED   0x0000000c   Data   RW         5823    .data               network_2.o
    0x20000fa4   COMPRESSED   0x00000030   Data   RW         5825    .data               network_2.o
    0x20000fd4   COMPRESSED   0x00000004   Data   RW         5826    .data               network_2.o
    0x20000fd8   COMPRESSED   0x00000004   Data   RW         5828    .data               network_2.o
    0x20000fdc   COMPRESSED   0x00000030   Data   RW         5830    .data               network_2.o
    0x2000100c   COMPRESSED   0x00000004   Data   RW         5832    .data               network_2.o
    0x20001010   COMPRESSED   0x00000004   Data   RW         5835    .data               network_2.o
    0x20001014   COMPRESSED   0x00000030   Data   RW         5836    .data               network_2.o
    0x20001044   COMPRESSED   0x00000004   Data   RW         5838    .data               network_2.o
    0x20001048   COMPRESSED   0x0000000c   Data   RW         5839    .data               network_2.o
    0x20001054   COMPRESSED   0x00000030   Data   RW         5841    .data               network_2.o
    0x20001084   COMPRESSED   0x00000004   Data   RW         5842    .data               network_2.o
    0x20001088   COMPRESSED   0x00000004   Data   RW         5844    .data               network_2.o
    0x2000108c   COMPRESSED   0x00000030   Data   RW         5846    .data               network_2.o
    0x200010bc   COMPRESSED   0x00000010   Data   RW         5847    .data               network_2.o
    0x200010cc   COMPRESSED   0x00000004   Data   RW         5848    .data               network_2.o
    0x200010d0   COMPRESSED   0x00000004   Data   RW         5851    .data               network_2.o
    0x200010d4   COMPRESSED   0x00000030   Data   RW         5852    .data               network_2.o
    0x20001104   COMPRESSED   0x00000004   Data   RW         5854    .data               network_2.o
    0x20001108   COMPRESSED   0x0000000c   Data   RW         5855    .data               network_2.o
    0x20001114   COMPRESSED   0x00000030   Data   RW         5857    .data               network_2.o
    0x20001144   COMPRESSED   0x00000004   Data   RW         5858    .data               network_2.o
    0x20001148   COMPRESSED   0x00000004   Data   RW         5860    .data               network_2.o
    0x2000114c   COMPRESSED   0x00000030   Data   RW         5862    .data               network_2.o
    0x2000117c   COMPRESSED   0x00000004   Data   RW         5864    .data               network_2.o
    0x20001180   COMPRESSED   0x00000004   Data   RW         5867    .data               network_2.o
    0x20001184   COMPRESSED   0x00000030   Data   RW         5868    .data               network_2.o
    0x200011b4   COMPRESSED   0x00000004   Data   RW         5870    .data               network_2.o
    0x200011b8   COMPRESSED   0x0000000c   Data   RW         5871    .data               network_2.o
    0x200011c4   COMPRESSED   0x00000030   Data   RW         5873    .data               network_2.o
    0x200011f4   COMPRESSED   0x00000004   Data   RW         5874    .data               network_2.o
    0x200011f8   COMPRESSED   0x00000004   Data   RW         5876    .data               network_2.o
    0x200011fc   COMPRESSED   0x00000030   Data   RW         5878    .data               network_2.o
    0x2000122c   COMPRESSED   0x00000010   Data   RW         5879    .data               network_2.o
    0x2000123c   COMPRESSED   0x00000004   Data   RW         5880    .data               network_2.o
    0x20001240   COMPRESSED   0x00000004   Data   RW         5883    .data               network_2.o
    0x20001244   COMPRESSED   0x00000030   Data   RW         5884    .data               network_2.o
    0x20001274   COMPRESSED   0x00000010   Data   RW         5886    .data               network_2.o
    0x20001284   COMPRESSED   0x0000001c   Data   RW         5887    .data               network_2.o
    0x200012a0   COMPRESSED   0x0000001c   Data   RW         5889    .data               network_2.o
    0x200012bc   COMPRESSED   0x00000008   Data   RW         5891    .data               network_2.o
    0x200012c4   COMPRESSED   0x0000000c   Data   RW         5893    .data               network_2.o
    0x200012d0   COMPRESSED   0x00000004   Data   RW         5894    .data               network_2.o
    0x200012d4   COMPRESSED   0x00000018   Data   RW         5896    .data               network_2.o
    0x200012ec   COMPRESSED   0x00000864   Data   RW         5897    .data               network_2.o
    0x20001b50   COMPRESSED   0x0000001c   Data   RW         5898    .data               network_2.o
    0x20001b6c   COMPRESSED   0x0000001c   Data   RW         5899    .data               network_2.o
    0x20001b88   COMPRESSED   0x0000001c   Data   RW         5900    .data               network_2.o
    0x20001ba4   COMPRESSED   0x0000001c   Data   RW         5901    .data               network_2.o
    0x20001bc0   COMPRESSED   0x0000001c   Data   RW         5902    .data               network_2.o
    0x20001bdc   COMPRESSED   0x0000001c   Data   RW         5903    .data               network_2.o
    0x20001bf8   COMPRESSED   0x0000001c   Data   RW         5904    .data               network_2.o
    0x20001c14   COMPRESSED   0x0000001c   Data   RW         5905    .data               network_2.o
    0x20001c30   COMPRESSED   0x0000001c   Data   RW         5906    .data               network_2.o
    0x20001c4c   COMPRESSED   0x0000001c   Data   RW         5907    .data               network_2.o
    0x20001c68   COMPRESSED   0x0000001c   Data   RW         5908    .data               network_2.o
    0x20001c84   COMPRESSED   0x0000001c   Data   RW         5909    .data               network_2.o
    0x20001ca0   COMPRESSED   0x0000001c   Data   RW         5910    .data               network_2.o
    0x20001cbc   COMPRESSED   0x0000001c   Data   RW         5911    .data               network_2.o
    0x20001cd8   COMPRESSED   0x0000001c   Data   RW         5912    .data               network_2.o
    0x20001cf4   COMPRESSED   0x0000001c   Data   RW         5913    .data               network_2.o
    0x20001d10   COMPRESSED   0x0000001c   Data   RW         5914    .data               network_2.o
    0x20001d2c   COMPRESSED   0x0000001c   Data   RW         5915    .data               network_2.o
    0x20001d48   COMPRESSED   0x0000001c   Data   RW         5916    .data               network_2.o
    0x20001d64   COMPRESSED   0x0000001c   Data   RW         5917    .data               network_2.o
    0x20001d80   COMPRESSED   0x0000001c   Data   RW         5918    .data               network_2.o
    0x20001d9c   COMPRESSED   0x0000001c   Data   RW         5919    .data               network_2.o
    0x20001db8   COMPRESSED   0x0000001c   Data   RW         5920    .data               network_2.o
    0x20001dd4   COMPRESSED   0x0000001c   Data   RW         5921    .data               network_2.o
    0x20001df0   COMPRESSED   0x0000001c   Data   RW         5922    .data               network_2.o
    0x20001e0c   COMPRESSED   0x0000001c   Data   RW         5923    .data               network_2.o
    0x20001e28   COMPRESSED   0x0000001c   Data   RW         5924    .data               network_2.o
    0x20001e44   COMPRESSED   0x0000001c   Data   RW         5925    .data               network_2.o
    0x20001e60   COMPRESSED   0x0000001c   Data   RW         5926    .data               network_2.o
    0x20001e7c   COMPRESSED   0x0000001c   Data   RW         5927    .data               network_2.o
    0x20001e98   COMPRESSED   0x0000001c   Data   RW         5928    .data               network_2.o
    0x20001eb4   COMPRESSED   0x0000001c   Data   RW         5929    .data               network_2.o
    0x20001ed0   COMPRESSED   0x0000001c   Data   RW         5930    .data               network_2.o
    0x20001eec   COMPRESSED   0x0000001c   Data   RW         5931    .data               network_2.o
    0x20001f08   COMPRESSED   0x0000001c   Data   RW         5932    .data               network_2.o
    0x20001f24   COMPRESSED   0x0000001c   Data   RW         5933    .data               network_2.o
    0x20001f40   COMPRESSED   0x0000001c   Data   RW         5934    .data               network_2.o
    0x20001f5c   COMPRESSED   0x0000001c   Data   RW         5935    .data               network_2.o
    0x20001f78   COMPRESSED   0x0000001c   Data   RW         5936    .data               network_2.o
    0x20001f94   COMPRESSED   0x0000001c   Data   RW         5937    .data               network_2.o
    0x20001fb0   COMPRESSED   0x0000001c   Data   RW         5938    .data               network_2.o
    0x20001fcc   COMPRESSED   0x0000001c   Data   RW         5939    .data               network_2.o
    0x20001fe8   COMPRESSED   0x0000001c   Data   RW         5940    .data               network_2.o
    0x20002004   COMPRESSED   0x0000001c   Data   RW         5941    .data               network_2.o
    0x20002020   COMPRESSED   0x0000001c   Data   RW         5942    .data               network_2.o
    0x2000203c   COMPRESSED   0x0000001c   Data   RW         5943    .data               network_2.o
    0x20002058   COMPRESSED   0x0000001c   Data   RW         5944    .data               network_2.o
    0x20002074   COMPRESSED   0x0000001c   Data   RW         5945    .data               network_2.o
    0x20002090   COMPRESSED   0x0000001c   Data   RW         5946    .data               network_2.o
    0x200020ac   COMPRESSED   0x0000001c   Data   RW         5947    .data               network_2.o
    0x200020c8   COMPRESSED   0x0000001c   Data   RW         5948    .data               network_2.o
    0x200020e4   COMPRESSED   0x0000001c   Data   RW         5949    .data               network_2.o
    0x20002100   COMPRESSED   0x0000001c   Data   RW         5950    .data               network_2.o
    0x2000211c   COMPRESSED   0x0000001c   Data   RW         5951    .data               network_2.o
    0x20002138   COMPRESSED   0x0000001c   Data   RW         5952    .data               network_2.o
    0x20002154   COMPRESSED   0x0000001c   Data   RW         5953    .data               network_2.o
    0x20002170   COMPRESSED   0x0000001c   Data   RW         5954    .data               network_2.o
    0x2000218c   COMPRESSED   0x0000001c   Data   RW         5955    .data               network_2.o
    0x200021a8   COMPRESSED   0x0000001c   Data   RW         5956    .data               network_2.o
    0x200021c4   COMPRESSED   0x0000001c   Data   RW         5957    .data               network_2.o
    0x200021e0   COMPRESSED   0x0000001c   Data   RW         5958    .data               network_2.o
    0x200021fc   COMPRESSED   0x0000001c   Data   RW         5959    .data               network_2.o
    0x20002218   COMPRESSED   0x0000001c   Data   RW         5960    .data               network_2.o
    0x20002234   COMPRESSED   0x0000001c   Data   RW         5961    .data               network_2.o
    0x20002250   COMPRESSED   0x0000001c   Data   RW         5962    .data               network_2.o
    0x2000226c   COMPRESSED   0x0000001c   Data   RW         5963    .data               network_2.o
    0x20002288   COMPRESSED   0x0000001c   Data   RW         5964    .data               network_2.o
    0x200022a4   COMPRESSED   0x0000001c   Data   RW         5965    .data               network_2.o
    0x200022c0   COMPRESSED   0x0000001c   Data   RW         5966    .data               network_2.o
    0x200022dc   COMPRESSED   0x0000001c   Data   RW         5967    .data               network_2.o
    0x200022f8   COMPRESSED   0x0000001c   Data   RW         5968    .data               network_2.o
    0x20002314   COMPRESSED   0x0000001c   Data   RW         5969    .data               network_2.o
    0x20002330   COMPRESSED   0x0000001c   Data   RW         5970    .data               network_2.o
    0x2000234c   COMPRESSED   0x0000001c   Data   RW         5971    .data               network_2.o
    0x20002368   COMPRESSED   0x0000001c   Data   RW         5972    .data               network_2.o
    0x20002384   COMPRESSED   0x0000001c   Data   RW         5973    .data               network_2.o
    0x200023a0   COMPRESSED   0x0000001c   Data   RW         5974    .data               network_2.o
    0x200023bc   COMPRESSED   0x0000001c   Data   RW         5975    .data               network_2.o
    0x200023d8   COMPRESSED   0x0000001c   Data   RW         5976    .data               network_2.o
    0x200023f4   COMPRESSED   0x0000001c   Data   RW         5977    .data               network_2.o
    0x20002410   COMPRESSED   0x0000001c   Data   RW         5978    .data               network_2.o
    0x2000242c   COMPRESSED   0x0000001c   Data   RW         5979    .data               network_2.o
    0x20002448   COMPRESSED   0x0000001c   Data   RW         5980    .data               network_2.o
    0x20002464   COMPRESSED   0x0000001c   Data   RW         5981    .data               network_2.o
    0x20002480   COMPRESSED   0x0000001c   Data   RW         5982    .data               network_2.o
    0x2000249c   COMPRESSED   0x0000001c   Data   RW         5983    .data               network_2.o
    0x200024b8   COMPRESSED   0x0000001c   Data   RW         5984    .data               network_2.o
    0x200024d4   COMPRESSED   0x0000001c   Data   RW         5985    .data               network_2.o
    0x200024f0   COMPRESSED   0x0000001c   Data   RW         5986    .data               network_2.o
    0x2000250c   COMPRESSED   0x0000001c   Data   RW         5987    .data               network_2.o
    0x20002528   COMPRESSED   0x0000001c   Data   RW         5988    .data               network_2.o
    0x20002544   COMPRESSED   0x0000001c   Data   RW         5989    .data               network_2.o
    0x20002560   COMPRESSED   0x0000001c   Data   RW         5990    .data               network_2.o
    0x2000257c   COMPRESSED   0x0000001c   Data   RW         5991    .data               network_2.o
    0x20002598   COMPRESSED   0x0000001c   Data   RW         5992    .data               network_2.o
    0x200025b4   COMPRESSED   0x0000001c   Data   RW         5993    .data               network_2.o
    0x200025d0   COMPRESSED   0x0000001c   Data   RW         5994    .data               network_2.o
    0x200025ec   COMPRESSED   0x0000001c   Data   RW         5995    .data               network_2.o
    0x20002608   COMPRESSED   0x0000001c   Data   RW         5996    .data               network_2.o
    0x20002624   COMPRESSED   0x0000001c   Data   RW         5997    .data               network_2.o
    0x20002640   COMPRESSED   0x0000001c   Data   RW         5998    .data               network_2.o
    0x2000265c   COMPRESSED   0x0000001c   Data   RW         5999    .data               network_2.o
    0x20002678   COMPRESSED   0x0000001c   Data   RW         6000    .data               network_2.o
    0x20002694   COMPRESSED   0x0000001c   Data   RW         6001    .data               network_2.o
    0x200026b0   COMPRESSED   0x0000001c   Data   RW         6002    .data               network_2.o
    0x200026cc   COMPRESSED   0x0000001c   Data   RW         6003    .data               network_2.o
    0x200026e8   COMPRESSED   0x0000001c   Data   RW         6004    .data               network_2.o
    0x20002704   COMPRESSED   0x0000001c   Data   RW         6005    .data               network_2.o
    0x20002720   COMPRESSED   0x0000001c   Data   RW         6006    .data               network_2.o
    0x2000273c   COMPRESSED   0x0000001c   Data   RW         6007    .data               network_2.o
    0x20002758   COMPRESSED   0x0000001c   Data   RW         6008    .data               network_2.o
    0x20002774   COMPRESSED   0x0000001c   Data   RW         6009    .data               network_2.o
    0x20002790   COMPRESSED   0x0000001c   Data   RW         6010    .data               network_2.o
    0x200027ac   COMPRESSED   0x0000001c   Data   RW         6011    .data               network_2.o
    0x200027c8   COMPRESSED   0x0000001c   Data   RW         6012    .data               network_2.o
    0x200027e4   COMPRESSED   0x0000001c   Data   RW         6013    .data               network_2.o
    0x20002800   COMPRESSED   0x0000001c   Data   RW         6014    .data               network_2.o
    0x2000281c   COMPRESSED   0x0000001c   Data   RW         6015    .data               network_2.o
    0x20002838   COMPRESSED   0x0000001c   Data   RW         6017    .data               network_2.o
    0x20002854   COMPRESSED   0x0000001c   Data   RW         6019    .data               network_2.o
    0x20002870   COMPRESSED   0x0000001c   Data   RW         6021    .data               network_2.o
    0x2000288c   COMPRESSED   0x0000001c   Data   RW         6023    .data               network_2.o
    0x200028a8   COMPRESSED   0x0000001c   Data   RW         6025    .data               network_2.o
    0x200028c4   COMPRESSED   0x00000024   Data   RW         6027    .data               network_2.o
    0x200028e8   COMPRESSED   0x00000044   Data   RW         6028    .data               network_2.o
    0x2000292c   COMPRESSED   0x00000038   Data   RW         6029    .data               network_2.o
    0x20002964   COMPRESSED   0x00000044   Data   RW         6030    .data               network_2.o
    0x200029a8   COMPRESSED   0x00000044   Data   RW         6031    .data               network_2.o
    0x200029ec   COMPRESSED   0x0000002c   Data   RW         6032    .data               network_2.o
    0x20002a18   COMPRESSED   0x00000044   Data   RW         6033    .data               network_2.o
    0x20002a5c   COMPRESSED   0x00000044   Data   RW         6034    .data               network_2.o
    0x20002aa0   COMPRESSED   0x0000002c   Data   RW         6035    .data               network_2.o
    0x20002acc   COMPRESSED   0x00000044   Data   RW         6036    .data               network_2.o
    0x20002b10   COMPRESSED   0x00000044   Data   RW         6037    .data               network_2.o
    0x20002b54   COMPRESSED   0x0000002c   Data   RW         6038    .data               network_2.o
    0x20002b80   COMPRESSED   0x00000044   Data   RW         6039    .data               network_2.o
    0x20002bc4   COMPRESSED   0x00000044   Data   RW         6040    .data               network_2.o
    0x20002c08   COMPRESSED   0x0000002c   Data   RW         6041    .data               network_2.o
    0x20002c34   COMPRESSED   0x00000044   Data   RW         6042    .data               network_2.o
    0x20002c78   COMPRESSED   0x00000044   Data   RW         6043    .data               network_2.o
    0x20002cbc   COMPRESSED   0x0000002c   Data   RW         6044    .data               network_2.o
    0x20002ce8   COMPRESSED   0x00000044   Data   RW         6045    .data               network_2.o
    0x20002d2c   COMPRESSED   0x00000044   Data   RW         6046    .data               network_2.o
    0x20002d70   COMPRESSED   0x0000002c   Data   RW         6047    .data               network_2.o
    0x20002d9c   COMPRESSED   0x00000044   Data   RW         6048    .data               network_2.o
    0x20002de0   COMPRESSED   0x00000044   Data   RW         6049    .data               network_2.o
    0x20002e24   COMPRESSED   0x0000002c   Data   RW         6050    .data               network_2.o
    0x20002e50   COMPRESSED   0x00000044   Data   RW         6051    .data               network_2.o
    0x20002e94   COMPRESSED   0x00000044   Data   RW         6052    .data               network_2.o
    0x20002ed8   COMPRESSED   0x0000002c   Data   RW         6053    .data               network_2.o
    0x20002f04   COMPRESSED   0x00000044   Data   RW         6054    .data               network_2.o
    0x20002f48   COMPRESSED   0x00000044   Data   RW         6055    .data               network_2.o
    0x20002f8c   COMPRESSED   0x0000002c   Data   RW         6056    .data               network_2.o
    0x20002fb8   COMPRESSED   0x00000044   Data   RW         6057    .data               network_2.o
    0x20002ffc   COMPRESSED   0x00000044   Data   RW         6058    .data               network_2.o
    0x20003040   COMPRESSED   0x0000002c   Data   RW         6059    .data               network_2.o
    0x2000306c   COMPRESSED   0x00000044   Data   RW         6060    .data               network_2.o
    0x200030b0   COMPRESSED   0x00000044   Data   RW         6061    .data               network_2.o
    0x200030f4   COMPRESSED   0x0000002c   Data   RW         6062    .data               network_2.o
    0x20003120   COMPRESSED   0x00000044   Data   RW         6063    .data               network_2.o
    0x20003164   COMPRESSED   0x00000044   Data   RW         6064    .data               network_2.o
    0x200031a8   COMPRESSED   0x0000002c   Data   RW         6065    .data               network_2.o
    0x200031d4   COMPRESSED   0x00000044   Data   RW         6066    .data               network_2.o
    0x20003218   COMPRESSED   0x00000044   Data   RW         6067    .data               network_2.o
    0x2000325c   COMPRESSED   0x0000002c   Data   RW         6068    .data               network_2.o
    0x20003288   COMPRESSED   0x00000044   Data   RW         6069    .data               network_2.o
    0x200032cc   COMPRESSED   0x00000010   Data   RW         6307    .data               network_2_data.o
    0x200032dc   COMPRESSED   0x0000001c   Data   RW         6309    .data               network_2_data.o
    0x200032f8        -       0x00000078   Zero   RW           23    .bss                main.o
    0x20003370        -       0x00000810   Zero   RW          540    .bss                lcd_spi_200.o
    0x20003b80        -       0x00000600   Zero   RW         1199    .bss                esp32_iot.o
    0x20004180        -       0x00000010   Zero   RW         5006    .bss                network_2.o
    0x20004190        -       0x00000010   Zero   RW         5008    .bss                network_2.o
    0x200041a0        -       0x00000010   Zero   RW         5010    .bss                network_2.o
    0x200041b0        -       0x00000010   Zero   RW         5012    .bss                network_2.o
    0x200041c0        -       0x00000010   Zero   RW         5014    .bss                network_2.o
    0x200041d0        -       0x00000010   Zero   RW         5016    .bss                network_2.o
    0x200041e0        -       0x00000010   Zero   RW         5018    .bss                network_2.o
    0x200041f0        -       0x00000010   Zero   RW         5020    .bss                network_2.o
    0x20004200        -       0x00000010   Zero   RW         5022    .bss                network_2.o
    0x20004210        -       0x00000010   Zero   RW         5024    .bss                network_2.o
    0x20004220        -       0x00000010   Zero   RW         5026    .bss                network_2.o
    0x20004230        -       0x00000010   Zero   RW         5028    .bss                network_2.o
    0x20004240        -       0x00000010   Zero   RW         5030    .bss                network_2.o
    0x20004250        -       0x00000010   Zero   RW         5032    .bss                network_2.o
    0x20004260        -       0x0000001c   Zero   RW         5034    .bss                network_2.o
    0x2000427c        -       0x00000010   Zero   RW         5035    .bss                network_2.o
    0x2000428c        -       0x0000001c   Zero   RW         5036    .bss                network_2.o
    0x200042a8        -       0x00004000   Zero   RW            1    STACK               startup_stm32h750xx.o


    Execution Region RW_IRAM2 (Exec base: 0x24000000, Load base: 0x080166cc, Size: 0x000682b8, Max: 0x00080000, ABSOLUTE, COMPRESSED[0x0000032c])

    Exec Addr    Load Addr    Size         Type   Attr      Idx    E Section Name        Object

    0x24000000   COMPRESSED   0x00000010   Data   RW           24    .data               main.o
    0x24000010   COMPRESSED   0x00000008   Data   RW          926    .data               dcmi_ov5640.o
    0x24000018   COMPRESSED   0x00000004   Data   RW         1247    .data               pir.o
    0x2400001c   COMPRESSED   0x0000000c   Data   RW         2954    .data               stm32h7xx_hal.o
    0x24000028   COMPRESSED   0x00000010   Data   RW         5400    .data               network_2.o
    0x24000038   COMPRESSED   0x00000010   Data   RW         5402    .data               network_2.o
    0x24000048   COMPRESSED   0x00000010   Data   RW         5404    .data               network_2.o
    0x24000058   COMPRESSED   0x00000010   Data   RW         5406    .data               network_2.o
    0x24000068   COMPRESSED   0x00000010   Data   RW         5408    .data               network_2.o
    0x24000078   COMPRESSED   0x00000010   Data   RW         5410    .data               network_2.o
    0x24000088   COMPRESSED   0x00000010   Data   RW         5412    .data               network_2.o
    0x24000098   COMPRESSED   0x00000010   Data   RW         5414    .data               network_2.o
    0x240000a8   COMPRESSED   0x00000010   Data   RW         5416    .data               network_2.o
    0x240000b8   COMPRESSED   0x00000010   Data   RW         5418    .data               network_2.o
    0x240000c8   COMPRESSED   0x00000010   Data   RW         5420    .data               network_2.o
    0x240000d8   COMPRESSED   0x00000010   Data   RW         5422    .data               network_2.o
    0x240000e8   COMPRESSED   0x00000010   Data   RW         5424    .data               network_2.o
    0x240000f8   COMPRESSED   0x00000010   Data   RW         5426    .data               network_2.o
    0x24000108   COMPRESSED   0x00000010   Data   RW         5428    .data               network_2.o
    0x24000118   COMPRESSED   0x00000010   Data   RW         5430    .data               network_2.o
    0x24000128   COMPRESSED   0x00000010   Data   RW         5432    .data               network_2.o
    0x24000138   COMPRESSED   0x00000010   Data   RW         5434    .data               network_2.o
    0x24000148   COMPRESSED   0x00000010   Data   RW         5436    .data               network_2.o
    0x24000158   COMPRESSED   0x00000010   Data   RW         5438    .data               network_2.o
    0x24000168   COMPRESSED   0x00000010   Data   RW         5440    .data               network_2.o
    0x24000178   COMPRESSED   0x00000010   Data   RW         5442    .data               network_2.o
    0x24000188   COMPRESSED   0x00000010   Data   RW         5444    .data               network_2.o
    0x24000198   COMPRESSED   0x00000010   Data   RW         5446    .data               network_2.o
    0x240001a8   COMPRESSED   0x00000010   Data   RW         5448    .data               network_2.o
    0x240001b8   COMPRESSED   0x00000010   Data   RW         5450    .data               network_2.o
    0x240001c8   COMPRESSED   0x00000010   Data   RW         5452    .data               network_2.o
    0x240001d8   COMPRESSED   0x00000010   Data   RW         5454    .data               network_2.o
    0x240001e8   COMPRESSED   0x00000010   Data   RW         5456    .data               network_2.o
    0x240001f8   COMPRESSED   0x00000010   Data   RW         5458    .data               network_2.o
    0x24000208   COMPRESSED   0x00000010   Data   RW         5460    .data               network_2.o
    0x24000218   COMPRESSED   0x00000010   Data   RW         5462    .data               network_2.o
    0x24000228   COMPRESSED   0x00000010   Data   RW         5464    .data               network_2.o
    0x24000238   COMPRESSED   0x00000010   Data   RW         5466    .data               network_2.o
    0x24000248   COMPRESSED   0x00000010   Data   RW         5468    .data               network_2.o
    0x24000258   COMPRESSED   0x00000010   Data   RW         5470    .data               network_2.o
    0x24000268   COMPRESSED   0x00000010   Data   RW         5472    .data               network_2.o
    0x24000278   COMPRESSED   0x00000010   Data   RW         5474    .data               network_2.o
    0x24000288   COMPRESSED   0x00000010   Data   RW         5476    .data               network_2.o
    0x24000298   COMPRESSED   0x00000010   Data   RW         5478    .data               network_2.o
    0x240002a8   COMPRESSED   0x00000010   Data   RW         5480    .data               network_2.o
    0x240002b8   COMPRESSED   0x00000010   Data   RW         5482    .data               network_2.o
    0x240002c8   COMPRESSED   0x00000010   Data   RW         5484    .data               network_2.o
    0x240002d8   COMPRESSED   0x00000010   Data   RW         5486    .data               network_2.o
    0x240002e8   COMPRESSED   0x00000010   Data   RW         5488    .data               network_2.o
    0x240002f8   COMPRESSED   0x00000010   Data   RW         5490    .data               network_2.o
    0x24000308   COMPRESSED   0x00000010   Data   RW         5492    .data               network_2.o
    0x24000318   COMPRESSED   0x00000010   Data   RW         5494    .data               network_2.o
    0x24000328   COMPRESSED   0x00000010   Data   RW         5496    .data               network_2.o
    0x24000338   COMPRESSED   0x00000010   Data   RW         5498    .data               network_2.o
    0x24000348   COMPRESSED   0x00000010   Data   RW         5500    .data               network_2.o
    0x24000358   COMPRESSED   0x00000010   Data   RW         5502    .data               network_2.o
    0x24000368   COMPRESSED   0x00000010   Data   RW         5504    .data               network_2.o
    0x24000378   COMPRESSED   0x00000010   Data   RW         5506    .data               network_2.o
    0x24000388   COMPRESSED   0x00000010   Data   RW         5508    .data               network_2.o
    0x24000398   COMPRESSED   0x00000010   Data   RW         5510    .data               network_2.o
    0x240003a8   COMPRESSED   0x00000010   Data   RW         5512    .data               network_2.o
    0x240003b8   COMPRESSED   0x00000010   Data   RW         5514    .data               network_2.o
    0x240003c8   COMPRESSED   0x00000010   Data   RW         5516    .data               network_2.o
    0x240003d8   COMPRESSED   0x00000010   Data   RW         5518    .data               network_2.o
    0x240003e8   COMPRESSED   0x00000010   Data   RW         5520    .data               network_2.o
    0x240003f8   COMPRESSED   0x00000010   Data   RW         5522    .data               network_2.o
    0x24000408   COMPRESSED   0x00000010   Data   RW         5524    .data               network_2.o
    0x24000418   COMPRESSED   0x00000010   Data   RW         5526    .data               network_2.o
    0x24000428   COMPRESSED   0x00000010   Data   RW         5528    .data               network_2.o
    0x24000438   COMPRESSED   0x00000010   Data   RW         5530    .data               network_2.o
    0x24000448   COMPRESSED   0x00000010   Data   RW         5532    .data               network_2.o
    0x24000458   COMPRESSED   0x00000010   Data   RW         5534    .data               network_2.o
    0x24000468   COMPRESSED   0x00000010   Data   RW         5536    .data               network_2.o
    0x24000478   COMPRESSED   0x00000010   Data   RW         5538    .data               network_2.o
    0x24000488   COMPRESSED   0x00000010   Data   RW         5540    .data               network_2.o
    0x24000498   COMPRESSED   0x00000010   Data   RW         5542    .data               network_2.o
    0x240004a8   COMPRESSED   0x00000010   Data   RW         5544    .data               network_2.o
    0x240004b8   COMPRESSED   0x00000010   Data   RW         5546    .data               network_2.o
    0x240004c8   COMPRESSED   0x00000010   Data   RW         5548    .data               network_2.o
    0x240004d8   COMPRESSED   0x00000010   Data   RW         5550    .data               network_2.o
    0x240004e8   COMPRESSED   0x00000010   Data   RW         5552    .data               network_2.o
    0x240004f8   COMPRESSED   0x00000010   Data   RW         5554    .data               network_2.o
    0x24000508   COMPRESSED   0x00000010   Data   RW         5556    .data               network_2.o
    0x24000518   COMPRESSED   0x00000010   Data   RW         5558    .data               network_2.o
    0x24000528   COMPRESSED   0x00000010   Data   RW         5560    .data               network_2.o
    0x24000538   COMPRESSED   0x00000010   Data   RW         5562    .data               network_2.o
    0x24000548   COMPRESSED   0x00000010   Data   RW         5564    .data               network_2.o
    0x24000558   COMPRESSED   0x00000010   Data   RW         5566    .data               network_2.o
    0x24000568   COMPRESSED   0x00000010   Data   RW         5568    .data               network_2.o
    0x24000578   COMPRESSED   0x00000010   Data   RW         5570    .data               network_2.o
    0x24000588   COMPRESSED   0x00000010   Data   RW         5572    .data               network_2.o
    0x24000598   COMPRESSED   0x00000010   Data   RW         5574    .data               network_2.o
    0x240005a8   COMPRESSED   0x00000010   Data   RW         5576    .data               network_2.o
    0x240005b8   COMPRESSED   0x00000010   Data   RW         5578    .data               network_2.o
    0x240005c8   COMPRESSED   0x00000010   Data   RW         5580    .data               network_2.o
    0x240005d8   COMPRESSED   0x00000010   Data   RW         5582    .data               network_2.o
    0x240005e8   COMPRESSED   0x00000010   Data   RW         5584    .data               network_2.o
    0x240005f8   COMPRESSED   0x00000010   Data   RW         5586    .data               network_2.o
    0x24000608   COMPRESSED   0x00000010   Data   RW         5588    .data               network_2.o
    0x24000618   COMPRESSED   0x00000010   Data   RW         5590    .data               network_2.o
    0x24000628   COMPRESSED   0x00000010   Data   RW         5592    .data               network_2.o
    0x24000638   COMPRESSED   0x00000010   Data   RW         5594    .data               network_2.o
    0x24000648   COMPRESSED   0x00000010   Data   RW         5596    .data               network_2.o
    0x24000658   COMPRESSED   0x00000010   Data   RW         5598    .data               network_2.o
    0x24000668   COMPRESSED   0x00000010   Data   RW         5600    .data               network_2.o
    0x24000678   COMPRESSED   0x00000010   Data   RW         5602    .data               network_2.o
    0x24000688   COMPRESSED   0x00000010   Data   RW         5604    .data               network_2.o
    0x24000698   COMPRESSED   0x00000010   Data   RW         5606    .data               network_2.o
    0x240006a8   COMPRESSED   0x00000010   Data   RW         5608    .data               network_2.o
    0x240006b8   COMPRESSED   0x00000010   Data   RW         5610    .data               network_2.o
    0x240006c8   COMPRESSED   0x00000010   Data   RW         5612    .data               network_2.o
    0x240006d8   COMPRESSED   0x00000010   Data   RW         5614    .data               network_2.o
    0x240006e8   COMPRESSED   0x00000010   Data   RW         5616    .data               network_2.o
    0x240006f8   COMPRESSED   0x00000010   Data   RW         5618    .data               network_2.o
    0x24000708   COMPRESSED   0x00000010   Data   RW         5620    .data               network_2.o
    0x24000718   COMPRESSED   0x00000010   Data   RW         5622    .data               network_2.o
    0x24000728   COMPRESSED   0x00000010   Data   RW         5624    .data               network_2.o
    0x24000738   COMPRESSED   0x00000010   Data   RW         5626    .data               network_2.o
    0x24000748   COMPRESSED   0x00000010   Data   RW         5628    .data               network_2.o
    0x24000758   COMPRESSED   0x00000010   Data   RW         5630    .data               network_2.o
    0x24000768   COMPRESSED   0x00000010   Data   RW         5632    .data               network_2.o
    0x24000778   COMPRESSED   0x00000010   Data   RW         5634    .data               network_2.o
    0x24000788   COMPRESSED   0x00000010   Data   RW         5636    .data               network_2.o
    0x24000798   COMPRESSED   0x00000010   Data   RW         5638    .data               network_2.o
    0x240007a8   COMPRESSED   0x00000010   Data   RW         5640    .data               network_2.o
    0x240007b8   COMPRESSED   0x00000010   Data   RW         5642    .data               network_2.o
    0x240007c8   COMPRESSED   0x00000010   Data   RW         5644    .data               network_2.o
    0x240007d8   COMPRESSED   0x00000010   Data   RW         5646    .data               network_2.o
    0x240007e8   COMPRESSED   0x00000010   Data   RW         5648    .data               network_2.o
    0x240007f8   COMPRESSED   0x00000010   Data   RW         5650    .data               network_2.o
    0x24000808   COMPRESSED   0x00000010   Data   RW         5652    .data               network_2.o
    0x24000818   COMPRESSED   0x00000010   Data   RW         5654    .data               network_2.o
    0x24000828   COMPRESSED   0x00000010   Data   RW         5656    .data               network_2.o
    0x24000838   COMPRESSED   0x00000004   Data   RW         5657    .data               network_2.o
    0x2400083c   COMPRESSED   0x00000004   Data   RW         5659    .data               network_2.o
    0x24000840   COMPRESSED   0x00000004   Data   RW         5662    .data               network_2.o
    0x24000844   COMPRESSED   0x00000004   Data   RW         5665    .data               network_2.o
    0x24000848   COMPRESSED   0x00000004   Data   RW         5668    .data               network_2.o
    0x2400084c   COMPRESSED   0x00000004   Data   RW         5670    .data               network_2.o
    0x24000850   COMPRESSED   0x00000004   Data   RW         5673    .data               network_2.o
    0x24000854   COMPRESSED   0x0000000c   Data   RW         5674    .data               network_2.o
    0x24000860   COMPRESSED   0x00000004   Data   RW         5677    .data               network_2.o
    0x24000864   COMPRESSED   0x00000004   Data   RW         5680    .data               network_2.o
    0x24000868   COMPRESSED   0x00000004   Data   RW         5683    .data               network_2.o
    0x2400086c   COMPRESSED   0x00000004   Data   RW         5685    .data               network_2.o
    0x24000870   COMPRESSED   0x00000004   Data   RW         5689    .data               network_2.o
    0x24000874   COMPRESSED   0x0000000c   Data   RW         5690    .data               network_2.o
    0x24000880   COMPRESSED   0x00000004   Data   RW         5693    .data               network_2.o
    0x24000884   COMPRESSED   0x00000004   Data   RW         5696    .data               network_2.o
    0x24000888   COMPRESSED   0x00000004   Data   RW         5699    .data               network_2.o
    0x2400088c   COMPRESSED   0x00000004   Data   RW         5701    .data               network_2.o
    0x24000890   COMPRESSED   0x00000010   Data   RW         5703    .data               network_2.o
    0x240008a0   COMPRESSED   0x00000004   Data   RW         5705    .data               network_2.o
    0x240008a4   COMPRESSED   0x0000000c   Data   RW         5706    .data               network_2.o
    0x240008b0   COMPRESSED   0x00000004   Data   RW         5709    .data               network_2.o
    0x240008b4   COMPRESSED   0x00000004   Data   RW         5712    .data               network_2.o
    0x240008b8   COMPRESSED   0x00000004   Data   RW         5715    .data               network_2.o
    0x240008bc   COMPRESSED   0x00000004   Data   RW         5717    .data               network_2.o
    0x240008c0   COMPRESSED   0x00000004   Data   RW         5721    .data               network_2.o
    0x240008c4   COMPRESSED   0x0000000c   Data   RW         5722    .data               network_2.o
    0x240008d0   COMPRESSED   0x00000004   Data   RW         5725    .data               network_2.o
    0x240008d4   COMPRESSED   0x00000004   Data   RW         5728    .data               network_2.o
    0x240008d8   COMPRESSED   0x00000004   Data   RW         5731    .data               network_2.o
    0x240008dc   COMPRESSED   0x00000004   Data   RW         5733    .data               network_2.o
    0x240008e0   COMPRESSED   0x00000010   Data   RW         5735    .data               network_2.o
    0x240008f0   COMPRESSED   0x00000004   Data   RW         5737    .data               network_2.o
    0x240008f4   COMPRESSED   0x0000000c   Data   RW         5738    .data               network_2.o
    0x24000900   COMPRESSED   0x00000004   Data   RW         5741    .data               network_2.o
    0x24000904   COMPRESSED   0x00000004   Data   RW         5744    .data               network_2.o
    0x24000908   COMPRESSED   0x00000004   Data   RW         5747    .data               network_2.o
    0x2400090c   COMPRESSED   0x00000004   Data   RW         5749    .data               network_2.o
    0x24000910   COMPRESSED   0x00000004   Data   RW         5753    .data               network_2.o
    0x24000914   COMPRESSED   0x0000000c   Data   RW         5754    .data               network_2.o
    0x24000920   COMPRESSED   0x00000004   Data   RW         5757    .data               network_2.o
    0x24000924   COMPRESSED   0x00000004   Data   RW         5760    .data               network_2.o
    0x24000928   COMPRESSED   0x00000004   Data   RW         5763    .data               network_2.o
    0x2400092c   COMPRESSED   0x00000004   Data   RW         5765    .data               network_2.o
    0x24000930   COMPRESSED   0x00000010   Data   RW         5767    .data               network_2.o
    0x24000940   COMPRESSED   0x00000004   Data   RW         5769    .data               network_2.o
    0x24000944   COMPRESSED   0x0000000c   Data   RW         5770    .data               network_2.o
    0x24000950   COMPRESSED   0x00000004   Data   RW         5773    .data               network_2.o
    0x24000954   COMPRESSED   0x00000004   Data   RW         5776    .data               network_2.o
    0x24000958   COMPRESSED   0x00000004   Data   RW         5779    .data               network_2.o
    0x2400095c   COMPRESSED   0x00000004   Data   RW         5781    .data               network_2.o
    0x24000960   COMPRESSED   0x00000004   Data   RW         5785    .data               network_2.o
    0x24000964   COMPRESSED   0x0000000c   Data   RW         5786    .data               network_2.o
    0x24000970   COMPRESSED   0x00000004   Data   RW         5789    .data               network_2.o
    0x24000974   COMPRESSED   0x00000004   Data   RW         5792    .data               network_2.o
    0x24000978   COMPRESSED   0x00000004   Data   RW         5795    .data               network_2.o
    0x2400097c   COMPRESSED   0x00000004   Data   RW         5797    .data               network_2.o
    0x24000980   COMPRESSED   0x00000010   Data   RW         5799    .data               network_2.o
    0x24000990   COMPRESSED   0x00000004   Data   RW         5801    .data               network_2.o
    0x24000994   COMPRESSED   0x0000000c   Data   RW         5802    .data               network_2.o
    0x240009a0   COMPRESSED   0x00000004   Data   RW         5805    .data               network_2.o
    0x240009a4   COMPRESSED   0x00000004   Data   RW         5808    .data               network_2.o
    0x240009a8   COMPRESSED   0x00000004   Data   RW         5811    .data               network_2.o
    0x240009ac   COMPRESSED   0x00000004   Data   RW         5813    .data               network_2.o
    0x240009b0   COMPRESSED   0x00000004   Data   RW         5817    .data               network_2.o
    0x240009b4   COMPRESSED   0x0000000c   Data   RW         5818    .data               network_2.o
    0x240009c0   COMPRESSED   0x00000004   Data   RW         5821    .data               network_2.o
    0x240009c4   COMPRESSED   0x00000004   Data   RW         5824    .data               network_2.o
    0x240009c8   COMPRESSED   0x00000004   Data   RW         5827    .data               network_2.o
    0x240009cc   COMPRESSED   0x00000004   Data   RW         5829    .data               network_2.o
    0x240009d0   COMPRESSED   0x00000010   Data   RW         5831    .data               network_2.o
    0x240009e0   COMPRESSED   0x00000004   Data   RW         5833    .data               network_2.o
    0x240009e4   COMPRESSED   0x0000000c   Data   RW         5834    .data               network_2.o
    0x240009f0   COMPRESSED   0x00000004   Data   RW         5837    .data               network_2.o
    0x240009f4   COMPRESSED   0x00000004   Data   RW         5840    .data               network_2.o
    0x240009f8   COMPRESSED   0x00000004   Data   RW         5843    .data               network_2.o
    0x240009fc   COMPRESSED   0x00000004   Data   RW         5845    .data               network_2.o
    0x24000a00   COMPRESSED   0x00000004   Data   RW         5849    .data               network_2.o
    0x24000a04   COMPRESSED   0x0000000c   Data   RW         5850    .data               network_2.o
    0x24000a10   COMPRESSED   0x00000004   Data   RW         5853    .data               network_2.o
    0x24000a14   COMPRESSED   0x00000004   Data   RW         5856    .data               network_2.o
    0x24000a18   COMPRESSED   0x00000004   Data   RW         5859    .data               network_2.o
    0x24000a1c   COMPRESSED   0x00000004   Data   RW         5861    .data               network_2.o
    0x24000a20   COMPRESSED   0x00000010   Data   RW         5863    .data               network_2.o
    0x24000a30   COMPRESSED   0x00000004   Data   RW         5865    .data               network_2.o
    0x24000a34   COMPRESSED   0x0000000c   Data   RW         5866    .data               network_2.o
    0x24000a40   COMPRESSED   0x00000004   Data   RW         5869    .data               network_2.o
    0x24000a44   COMPRESSED   0x00000004   Data   RW         5872    .data               network_2.o
    0x24000a48   COMPRESSED   0x00000004   Data   RW         5875    .data               network_2.o
    0x24000a4c   COMPRESSED   0x00000004   Data   RW         5877    .data               network_2.o
    0x24000a50   COMPRESSED   0x00000004   Data   RW         5881    .data               network_2.o
    0x24000a54   COMPRESSED   0x0000000c   Data   RW         5882    .data               network_2.o
    0x24000a60   COMPRESSED   0x00000010   Data   RW         5885    .data               network_2.o
    0x24000a70   COMPRESSED   0x00000010   Data   RW         5888    .data               network_2.o
    0x24000a80   COMPRESSED   0x00000008   Data   RW         5890    .data               network_2.o
    0x24000a88   COMPRESSED   0x00000004   Data   RW         5892    .data               network_2.o
    0x24000a8c   COMPRESSED   0x0000000c   Data   RW         5895    .data               network_2.o
    0x24000a98   COMPRESSED   0x0000001c   Data   RW         6016    .data               network_2.o
    0x24000ab4   COMPRESSED   0x0000001c   Data   RW         6018    .data               network_2.o
    0x24000ad0   COMPRESSED   0x0000001c   Data   RW         6020    .data               network_2.o
    0x24000aec   COMPRESSED   0x0000001c   Data   RW         6022    .data               network_2.o
    0x24000b08   COMPRESSED   0x0000001c   Data   RW         6024    .data               network_2.o
    0x24000b24   COMPRESSED   0x0000001c   Data   RW         6026    .data               network_2.o
    0x24000b40   COMPRESSED   0x00000010   Data   RW         6308    .data               network_2_data.o
    0x24000b50   COMPRESSED   0x0000001c   Data   RW         6310    .data               network_2_data.o
    0x24000b6c   COMPRESSED   0x00000004   Data   RW         8311    .data               mc_w.l(stdout.o)
    0x24000b70   COMPRESSED   0x00000010   PAD
    0x24000b80        -       0x00067648   Zero   RW           22    .bss                main.o
    0x240681c8        -       0x00000010   Zero   RW         5007    .bss                network_2.o
    0x240681d8        -       0x00000010   Zero   RW         5009    .bss                network_2.o
    0x240681e8        -       0x00000010   Zero   RW         5011    .bss                network_2.o
    0x240681f8        -       0x00000010   Zero   RW         5013    .bss                network_2.o
    0x24068208        -       0x00000010   Zero   RW         5015    .bss                network_2.o
    0x24068218        -       0x00000010   Zero   RW         5017    .bss                network_2.o
    0x24068228        -       0x00000010   Zero   RW         5019    .bss                network_2.o
    0x24068238        -       0x00000010   Zero   RW         5021    .bss                network_2.o
    0x24068248        -       0x00000010   Zero   RW         5023    .bss                network_2.o
    0x24068258        -       0x00000010   Zero   RW         5025    .bss                network_2.o
    0x24068268        -       0x00000010   Zero   RW         5027    .bss                network_2.o
    0x24068278        -       0x00000010   Zero   RW         5029    .bss                network_2.o
    0x24068288        -       0x00000010   Zero   RW         5031    .bss                network_2.o
    0x24068298        -       0x00000010   Zero   RW         5033    .bss                network_2.o
    0x240682a8        -       0x00000010   Zero   RW         5037    .bss                network_2.o


==============================================================================

Image component sizes


      Code (inc. data)   RO Data    RW Data    ZI Data      Debug   Object Name

       162          0          0          0          0       1753   ai_image_process.o
       814        160       5141          8          0       9510   dcmi_ov5640.o
      1252        758        267          0       1536       3854   esp32_iot.o
         0          0       4560         12          0       2083   lcd_fonts.o
      2408        152          0          8       2064      15891   lcd_spi_200.o
        80         10          0          0          0       1075   led.o
      2076        552          0         16     423616    1355881   main.o
      2776        110      15655      15816        536      76653   network_2.o
       112          8        104         88          0      16802   network_2_data.o
       416        112          0          4          0       3215   pir.o
       452         82          0          0          0       3569   qspi_w25q256.o
       924         42          0          0          0       8699   sccb.o
        36          8        664          0      16384        848   startup_stm32h750xx.o
       232         44          0         12          0      23548   stm32h7xx_hal.o
       354         28          0          0          0      42021   stm32h7xx_hal_cortex.o
       938         22          0          0          0       8782   stm32h7xx_hal_dcmi.o
      5988        246          8          0          0      12070   stm32h7xx_hal_dma.o
      1432         56          0          0          0       3501   stm32h7xx_hal_dma_ex.o
       616         50          0          0          0       4327   stm32h7xx_hal_gpio.o
       944         96          0          0          0       4613   stm32h7xx_hal_msp.o
        80          8          0          0          0        716   stm32h7xx_hal_pwr.o
        84          6          0          0          0        801   stm32h7xx_hal_pwr_ex.o
      1304         10          0          0          0       8151   stm32h7xx_hal_qspi.o
      2466        102          0          0          0       7260   stm32h7xx_hal_rcc.o
      3736        118          0          0          0       7981   stm32h7xx_hal_rcc_ex.o
      1228         14          0          0          0       5042   stm32h7xx_hal_spi.o
      2048        112         24          0          0      28321   stm32h7xx_hal_uart.o
       284          6         16          0          0       3881   stm32h7xx_hal_uart_ex.o
        50         12          0          0          0       5717   stm32h7xx_it.o
       220         40         16          8          0       1538   system_stm32h7xx.o
        24          6          0          0          0       2277   usart.o

    ----------------------------------------------------------------------
     33574       2970      26696      15972     444136    1670380   Object Totals
         0          0         64          0          0          0   (incl. Generated)
        38          0        177          0          0          0   (incl. Padding)

    ----------------------------------------------------------------------

      Code (inc. data)   RO Data    RW Data    ZI Data      Debug   Library Member Name

       408         54          0          0          0        488   ai_datatypes_format.o
        52          6          0          0          0        244   ai_datatypes_internal.o
       122          8          0          0          0        240   ai_platform.o
      2172         66        104          0          0       2644   ai_platform_interface.o
        42          0          0          0          0        348   core_common.o
        80          0          0          0          0        148   forward_lite_avepool_is8os8.o
      1776          0          0          0          0        268   forward_lite_conv2d_sssa8_ch.o
      1860          0          0          0          0        288   forward_lite_dw_sssa8_ch.o
       978          0          0          0          0        724   forward_lite_pad_generic.o
       570          0          0          0          0        160   forward_lite_pw_sssa8_ch.o
       226          6          0          0          0        628   layers.o
       644          0          0          0          0        392   layers_conv2d_sssa8_ch.o
       580          0          0          0          0        392   layers_dw_sssa8_ch.o
        34          0          0          0          0        116   layers_generic_float.o
       242          6          0          0          0        256   layers_nl_stm32_integer.o
       728          0          0          0          0        560   layers_pad_generic.o
       388          0          0          0          0        288   layers_pool_stm32_integer.o
       570          0          0          0          0        392   layers_pw_sssa8_ch.o
        88          0          0          0          0        272   lite_nl_generic_integer.o
      2806         90          0          0          0        588   lite_nl_softmax_is8os8.o
      1850         48          0          0          0        288   lite_nl_softmax_iu8ou8.o
        76          0          0          0          0        132   st_align_factor.o
        48          0          0          0          0        128   st_int16_fill.o
       224          0          0          0          0        256   st_int8_fill.o
       344          6          0          0          0        148   st_int8_pool.o
      1434          0          0          0          0        556   st_int8_to16_no_shift.o
       222          0          0          0          0        248   st_padding_opt.o
       168          0          0          0          0        140   st_sssa8_ch_convolve.o
       828          0          0          0          0          0   st_sssa8_ch_nn_mat_mult_kernel_opt.o
       620          0          0          0          0        148   st_sssa8_ch_nn_mat_mult_kernel_single_opt.o
       486          0          0          0          0        280   st_sssa8_ch_nn_mat_mult_nt_t.o
      2736          0          0          0          0          0   st_sssa8_ch_nn_mat_mult_pw_nt_t.o
        86          0          0          0          0          0   __dczerorl2.o
         0          0          0          0          0          0   entry.o
         0          0          0          0          0          0   entry10a.o
         0          0          0          0          0          0   entry11a.o
         8          4          0          0          0          0   entry2.o
         4          0          0          0          0          0   entry5.o
         0          0          0          0          0          0   entry7b.o
         0          0          0          0          0          0   entry8b.o
         8          4          0          0          0          0   entry9a.o
        30          0          0          0          0          0   handlers.o
        36          8          0          0          0         68   init.o
         0          0          0          0          0          0   iusefp.o
        98          0          0          0          0         84   ldiv.o
        30          0          0          0          0         68   llshl.o
        36          0          0          0          0         68   llsshr.o
        32          0          0          0          0         68   llushr.o
        26          0          0          0          0         80   memcmp.o
        36          0          0          0          0         68   memcpya.o
        36          0          0          0          0        108   memseta.o
      2308         96          0          0          0        604   printfa.o
         0          0          0          4          0          0   stdout.o
        14          0          0          0          0         68   strlen.o
        36          0          0          0          0         80   strstr.o
        44          0          0          0          0         80   uidiv.o
        98          0          0          0          0         92   uldiv.o
        48          0          0          0          0         68   cdrcmple.o
       334          0          0          0          0        148   dadd.o
       222          0          0          0          0        100   ddiv.o
       186          0          0          0          0        176   depilogue.o
        48          0          0          0          0         68   dfixul.o
       228          0          0          0          0         96   dmul.o

    ----------------------------------------------------------------------
     27470        402        104          4         16      13952   Library Totals
        36          0          0          0         16          0   (incl. Padding)

    ----------------------------------------------------------------------

      Code (inc. data)   RO Data    RW Data    ZI Data      Debug   Library Name

     23402        290        104          0          0      11760   NetworkRuntime1020_CM7_Keil.lib
      2966        112          0          4          0       1536   mc_w.l
      1066          0          0          0          0        656   mf_w.l

    ----------------------------------------------------------------------
     27470        402        104          4         16      13952   Library Totals

    ----------------------------------------------------------------------

==============================================================================


      Code (inc. data)   RO Data    RW Data    ZI Data      Debug   

     61044       3372      26800      15976     444152    1658272   Grand Totals
     61044       3372      26800       4820     444152    1658272   ELF Image Totals (compressed)
     61044       3372      26800       4820          0          0   ROM Totals

==============================================================================

    Total RO  Size (Code + RO Data)                87844 (  85.79kB)
    Total RW  Size (RW Data + ZI Data)            460128 ( 449.34kB)
    Total ROM Size (Code + RO Data + RW Data)      92664 (  90.49kB)

==============================================================================

