Component: ARM Compiler 5.06 update 5 (build 528) Tool: armlink [4d35e2]

==============================================================================

Section Cross References

    startup_stm32h750xx.o(RESET) refers to startup_stm32h750xx.o(STACK) for __initial_sp
    startup_stm32h750xx.o(RESET) refers to startup_stm32h750xx.o(.text) for Reset_Handler
    startup_stm32h750xx.o(RESET) refers to stm32h7xx_it.o(i.NMI_Handler) for NMI_Handler
    startup_stm32h750xx.o(RESET) refers to stm32h7xx_it.o(i.HardFault_Handler) for HardFault_Handler
    startup_stm32h750xx.o(RESET) refers to stm32h7xx_it.o(i.MemManage_Handler) for MemManage_Handler
    startup_stm32h750xx.o(RESET) refers to stm32h7xx_it.o(i.BusFault_Handler) for BusFault_Handler
    startup_stm32h750xx.o(RESET) refers to stm32h7xx_it.o(i.UsageFault_Handler) for UsageFault_Handler
    startup_stm32h750xx.o(RESET) refers to stm32h7xx_it.o(i.SVC_Handler) for SVC_Handler
    startup_stm32h750xx.o(RESET) refers to stm32h7xx_it.o(i.DebugMon_Handler) for DebugMon_Handler
    startup_stm32h750xx.o(RESET) refers to stm32h7xx_it.o(i.PendSV_Handler) for PendSV_Handler
    startup_stm32h750xx.o(RESET) refers to stm32h7xx_it.o(i.SysTick_Handler) for SysTick_Handler
    startup_stm32h750xx.o(RESET) refers to stm32h7xx_it.o(i.DMA2_Stream7_IRQHandler) for DMA2_Stream7_IRQHandler
    startup_stm32h750xx.o(RESET) refers to stm32h7xx_it.o(i.DCMI_IRQHandler) for DCMI_IRQHandler
    startup_stm32h750xx.o(.text) refers to system_stm32h7xx.o(i.SystemInit) for SystemInit
    startup_stm32h750xx.o(.text) refers to entry.o(.ARM.Collect$$$$00000000) for __main
    main.o(i.MPU_Config) refers to stm32h7xx_hal_cortex.o(i.HAL_MPU_Disable) for HAL_MPU_Disable
    main.o(i.MPU_Config) refers to stm32h7xx_hal_cortex.o(i.HAL_MPU_ConfigRegion) for HAL_MPU_ConfigRegion
    main.o(i.MPU_Config) refers to stm32h7xx_hal_cortex.o(i.HAL_MPU_Enable) for HAL_MPU_Enable
    main.o(i.MX_DCMI_Init) refers to stm32h7xx_hal_dcmi.o(i.HAL_DCMI_Init) for HAL_DCMI_Init
    main.o(i.MX_DCMI_Init) refers to main.o(.bss) for .bss
    main.o(i.MX_SPI6_Init) refers to stm32h7xx_hal_spi.o(i.HAL_SPI_Init) for HAL_SPI_Init
    main.o(i.MX_SPI6_Init) refers to main.o(.bss) for .bss
    main.o(i.MX_USART1_UART_Init) refers to stm32h7xx_hal_uart.o(i.HAL_UART_Init) for HAL_UART_Init
    main.o(i.MX_USART1_UART_Init) refers to stm32h7xx_hal_uart_ex.o(i.HAL_UARTEx_SetTxFifoThreshold) for HAL_UARTEx_SetTxFifoThreshold
    main.o(i.MX_USART1_UART_Init) refers to stm32h7xx_hal_uart_ex.o(i.HAL_UARTEx_SetRxFifoThreshold) for HAL_UARTEx_SetRxFifoThreshold
    main.o(i.MX_USART1_UART_Init) refers to stm32h7xx_hal_uart_ex.o(i.HAL_UARTEx_DisableFifoMode) for HAL_UARTEx_DisableFifoMode
    main.o(i.MX_USART1_UART_Init) refers to main.o(.bss) for .bss
    main.o(i.SystemClock_Config) refers to memseta.o(.text) for __aeabi_memclr4
    main.o(i.SystemClock_Config) refers to stm32h7xx_hal_pwr_ex.o(i.HAL_PWREx_ConfigSupply) for HAL_PWREx_ConfigSupply
    main.o(i.SystemClock_Config) refers to stm32h7xx_hal_rcc.o(i.HAL_RCC_OscConfig) for HAL_RCC_OscConfig
    main.o(i.SystemClock_Config) refers to stm32h7xx_hal_rcc.o(i.HAL_RCC_ClockConfig) for HAL_RCC_ClockConfig
    main.o(i.main) refers to main.o(i.MPU_Config) for MPU_Config
    main.o(i.main) refers to stm32h7xx_hal.o(i.HAL_Init) for HAL_Init
    main.o(i.main) refers to main.o(i.SystemClock_Config) for SystemClock_Config
    main.o(i.main) refers to main.o(i.MX_GPIO_Init) for MX_GPIO_Init
    main.o(i.main) refers to stm32h7xx_hal_cortex.o(i.HAL_NVIC_SetPriority) for HAL_NVIC_SetPriority
    main.o(i.main) refers to stm32h7xx_hal_cortex.o(i.HAL_NVIC_EnableIRQ) for HAL_NVIC_EnableIRQ
    main.o(i.main) refers to main.o(i.MX_SPI6_Init) for MX_SPI6_Init
    main.o(i.main) refers to main.o(i.MX_DCMI_Init) for MX_DCMI_Init
    main.o(i.main) refers to main.o(i.MX_USART1_UART_Init) for MX_USART1_UART_Init
    main.o(i.main) refers to stm32h7xx_hal_qspi.o(i.HAL_QSPI_Init) for HAL_QSPI_Init
    main.o(i.main) refers to printfa.o(i.__0printf) for __2printf
    main.o(i.main) refers to led.o(i.LED_Init) for LED_Init
    main.o(i.main) refers to lcd_spi_200.o(i.SPI_LCD_Init) for SPI_LCD_Init
    main.o(i.main) refers to qspi_w25q256.o(i.QSPI_W25Qxx_Init) for QSPI_W25Qxx_Init
    main.o(i.main) refers to qspi_w25q256.o(i.QSPI_W25Qxx_MemoryMappedMode) for QSPI_W25Qxx_MemoryMappedMode
    main.o(i.main) refers to network_2.o(i.ai_network_2_create) for ai_network_2_create
    main.o(i.main) refers to memcpya.o(.text) for __aeabi_memcpy4
    main.o(i.main) refers to network_2_data.o(i.ai_network_2_data_weights_buffer_get) for ai_network_2_data_weights_buffer_get
    main.o(i.main) refers to network_2_data.o(i.ai_network_2_data_activations_buffer_get) for ai_network_2_data_activations_buffer_get
    main.o(i.main) refers to network_2.o(i.ai_network_2_init) for ai_network_2_init
    main.o(i.main) refers to dcmi_ov5640.o(i.DCMI_OV5640_Init) for DCMI_OV5640_Init
[...]
    0x08014830   0x08014830   0x00000008   Data   RO         5171    .constdata          network_2.o
    0x08014838   0x08014838   0x00000008   Data   RO         5172    .constdata          network_2.o
    0x08014840   0x08014840   0x00000008   Data   RO         5173    .constdata          network_2.o
    0x08014848   0x08014848   0x00000008   Data   RO         5174    .constdata          network_2.o
    0x08014850   0x08014850   0x00000008   Data   RO         5175    .constdata          network_2.o
    0x08014858   0x08014858   0x00000008   Data   RO         5176    .constdata          network_2.o
    0x08014860   0x08014860   0x00000008   Data   RO         5177    .constdata          network_2.o
    0x08014868   0x08014868   0x00000008   Data   RO         5178    .constdata          network_2.o
    0x08014870   0x08014870   0x00000008   Data   RO         5179    .constdata          network_2.o
    0x08014878   0x08014878   0x00000008   Data   RO         5180    .constdata          network_2.o
    0x08014880   0x08014880   0x00000008   Data   RO         5181    .constdata          network_2.o
    0x08014888   0x08014888   0x00000008   Data   RO         5182    .constdata          network_2.o
    0x08014890   0x08014890   0x00000008   Data   RO         5183    .constdata          network_2.o
    0x08014898   0x08014898   0x00000008   Data   RO         5184    .constdata          network_2.o
    0x080148a0   0x080148a0   0x00000008   Data   RO         5185    .constdata          network_2.o
    0x080148a8   0x080148a8   0x00000008   Data   RO         5186    .constdata          network_2.o
    0x080148b0   0x080148b0   0x00000008   Data   RO         5187    .constdata          network_2.o
    0x080148b8   0x080148b8   0x00000008   Data   RO         5188    .constdata          network_2.o
    0x080148c0   0x080148c0   0x00000008   Data   RO         5189    .constdata          network_2.o
    0x080148c8   0x080148c8   0x00000008   Data   RO         5190    .constdata          network_2.o
    0x080148d0   0x080148d0   0x00000008   Data   RO         5191    .constdata          network_2.o
    0x080148d8   0x080148d8   0x00000008   Data   RO         5192    .constdata          network_2.o
    0x080148e0   0x080148e0   0x00000008   Data   RO         5193    .constdata          network_2.o
    0x080148e8   0x080148e8   0x00000008   Data   RO         5194    .constdata          network_2.o
    0x080148f0   0x080148f0   0x00000008   Data   RO         5195    .constdata          network_2.o
    0x080148f8   0x080148f8   0x00000008   Data   RO         5196    .constdata          network_2.o
    0x08014900   0x08014900   0x00000008   Data   RO         5197    .constdata          network_2.o
    0x08014908   0x08014908   0x00000008   Data   RO         5198    .constdata          network_2.o
    0x08014910   0x08014910   0x00000008   Data   RO         5199    .constdata          network_2.o
    0x08014918   0x08014918   0x00000008   Data   RO         5200    .constdata          network_2.o
    0x08014920   0x08014920   0x00000008   Data   RO         5201    .constdata          network_2.o
    0x08014928   0x08014928   0x00000008   Data   RO         5202    .constdata          network_2.o
    0x08014930   0x08014930   0x00000008   Data   RO         5203    .constdata          network_2.o
    0x08014938   0x08014938   0x00000008   Data   RO         5204    .constdata          network_2.o
    0x08014940   0x08014940   0x00000008   Data   RO         5205    .constdata          network_2.o
    0x08014948   0x08014948   0x00000008   Data   RO         5206    .constdata          network_2.o
    0x08014950   0x08014950   0x00000008   Data   RO         5207    .constdata          network_2.o
    0x08014958   0x08014958   0x0000000c   Data   RO         5208    .constdata          network_2.o
    0x08014964   0x08014964   0x00000010   Data   RO         5209    .constdata          network_2.o
    0x08014974   0x08014974   0x00000008   Data   RO         5210    .constdata          network_2.o
    0x0801497c   0x0801497c   0x00000008   Data   RO         5211    .constdata          network_2.o
    0x08014984   0x08014984   0x00000008   Data   RO         5212    .constdata          network_2.o
    0x0801498c   0x0801498c   0x00000008   Data   RO         5213    .constdata          network_2.o
    0x08014994   0x08014994   0x00000008   Data   RO         5214    .constdata          network_2.o
    0x0801499c   0x0801499c   0x00000001   Data   RO         5215    .constdata          network_2.o
    0x0801499d   0x0801499d   0x00000003   PAD
    0x080149a0   0x080149a0   0x00000010   Data   RO         5216    .constdata          network_2.o
    0x080149b0   0x080149b0   0x00000008   Data   RO         5217    .constdata          network_2.o
    0x080149b8   0x080149b8   0x00000008   Data   RO         5218    .constdata          network_2.o
    0x080149c0   0x080149c0   0x00000008   Data   RO         5219    .constdata          network_2.o
    0x080149c8   0x080149c8   0x00000001   Data   RO         5220    .constdata          network_2.o
    0x080149c9   0x080149c9   0x00000003   PAD
    0x080149cc   0x080149cc   0x00000010   Data   RO         5221    .constdata          network_2.o
    0x080149dc   0x080149dc   0x00000008   Data   RO         5222    .constdata          network_2.o
    0x080149e4   0x080149e4   0x00000008   Data   RO         5223    .constdata          network_2.o
    0x080149ec   0x080149ec   0x00000008   Data   RO         5224    .constdata          network_2.o
    0x080149f4   0x080149f4   0x00000001   Data   RO         5225    .constdata          network_2.o
    0x080149f5   0x080149f5   0x00000003   PAD
    0x080149f8   0x080149f8   0x00000010   Data   RO         5226    .constdata          network_2.o
    0x08014a08   0x08014a08   0x00000008   Data   RO         5227    .constdata          network_2.o
    0x08014a10   0x08014a10   0x00000008   Data   RO         5228    .constdata          network_2.o
    0x08014a18   0x08014a18   0x00000008   Data   RO         5229    .constdata          network_2.o
    0x08014a20   0x08014a20   0x00000001   Data   RO         5230    .constdata          network_2.o
    0x08014a21   0x08014a21   0x00000003   PAD
    0x08014a24   0x08014a24   0x00000010   Data   RO         5231    .constdata          network_2.o
    0x08014a34   0x08014a34   0x00000008   Data   RO         5232    .constdata          network_2.o
    0x08014a3c   0x08014a3c   0x00000008   Data   RO         5233    .constdata          network_2.o
    0x08014a44   0x08014a44   0x00000008   Data   RO         5234    .constdata          network_2.o
    0x08014a4c   0x08014a4c   0x00000001   Data   RO         5235    .constdata          network_2.o
    0x08014a4d   0x08014a4d   0x00000003   PAD
    0x08014a50   0x08014a50   0x00000010   Data   RO         5236    .constdata          network_2.o
    0x08014a60   0x08014a60   0x00000008   Data   RO         5237    .constdata          network_2.o
    0x08014a68   0x08014a68   0x00000008   Data   RO         5238    .constdata          network_2.o
    0x08014a70   0x08014a70   0x00000008   Data   RO         5239    .constdata          network_2.o
    0x08014a78   0x08014a78   0x00000001   Data   RO         5240    .constdata          network_2.o
    0x08014a79   0x08014a79   0x00000003   PAD
    0x08014a7c   0x08014a7c   0x00000010   Data   RO         5241    .constdata          network_2.o
    0x08014a8c   0x08014a8c   0x00000008   Data   RO         5242    .constdata          network_2.o
    0x08014a94   0x08014a94   0x00000008   Data   RO         5243    .constdata          network_2.o
    0x08014a9c   0x08014a9c   0x00000008   Data   RO         5244    .constdata          network_2.o
    0x08014aa4   0x08014aa4   0x00000001   Data   RO         5245    .constdata          network_2.o
    0x08014aa5   0x08014aa5   0x00000003   PAD
    0x08014aa8   0x08014aa8   0x00000010   Data   RO         5246    .constdata          network_2.o
    0x08014ab8   0x08014ab8   0x00000008   Data   RO         5247    .constdata          network_2.o
    0x08014ac0   0x08014ac0   0x00000008   Data   RO         5248    .constdata          network_2.o
    0x08014ac8   0x08014ac8   0x00000008   Data   RO         5249    .constdata          network_2.o
    0x08014ad0   0x08014ad0   0x00000001   Data   RO         5250    .constdata          network_2.o
    0x08014ad1   0x08014ad1   0x00000003   PAD
    0x08014ad4   0x08014ad4   0x00000010   Data   RO         5251    .constdata          network_2.o
    0x08014ae4   0x08014ae4   0x00000008   Data   RO         5252    .constdata          network_2.o
    0x08014aec   0x08014aec   0x00000008   Data   RO         5253    .constdata          network_2.o
    0x08014af4   0x08014af4   0x00000008   Data   RO         5254    .constdata          network_2.o
    0x08014afc   0x08014afc   0x00000001   Data   RO         5255    .constdata          network_2.o
    0x08014afd   0x08014afd   0x00000003   PAD
    0x08014b00   0x08014b00   0x00000010   Data   RO         5256    .constdata          network_2.o
    0x08014b10   0x08014b10   0x00000008   Data   RO         5257    .constdata          network_2.o
    0x08014b18   0x08014b18   0x00000008   Data   RO         5258    .constdata          network_2.o
    0x08014b20   0x08014b20   0x00000008   Data   RO         5259    .constdata          network_2.o
    0x08014b28   0x08014b28   0x00000001   Data   RO         5260    .constdata          network_2.o
    0x08014b29   0x08014b29   0x00000003   PAD
    0x08014b2c   0x08014b2c   0x00000010   Data   RO         5261    .constdata          network_2.o
    0x08014b3c   0x08014b3c   0x00000008   Data   RO         5262    .constdata          network_2.o
    0x08014b44   0x08014b44   0x00000008   Data   RO         5263    .constdata          network_2.o
    0x08014b4c   0x08014b4c   0x00000008   Data   RO         5264    .constdata          network_2.o
    0x08014b54   0x08014b54   0x00000001   Data   RO         5265    .constdata          network_2.o
    0x08014b55   0x08014b55   0x00000003   PAD
    0x08014b58   0x08014b58   0x00000010   Data   RO         5266    .constdata          network_2.o
    0x08014b68   0x08014b68   0x00000008   Data   RO         5267    .constdata          network_2.o
    0x08014b70   0x08014b70   0x00000008   Data   RO         5268    .constdata          network_2.o
    0x08014b78   0x08014b78   0x00000008   Data   RO         5269    .constdata          network_2.o
    0x08014b80   0x08014b80   0x00000001   Data   RO         5270    .constdata          network_2.o
    0x08014b81   0x08014b81   0x00000003   PAD
    0x08014b84   0x08014b84   0x00000010   Data   RO         5271    .constdata          network_2.o
    0x08014b94   0x08014b94   0x00000008   Data   RO         5272    .constdata          network_2.o
    0x08014b9c   0x08014b9c   0x00000008   Data   RO         5273    .constdata          network_2.o
    0x08014ba4   0x08014ba4   0x00000008   Data   RO         5274    .constdata          network_2.o
    0x08014bac   0x08014bac   0x00000001   Data   RO         5275    .constdata          network_2.o
    0x08014bad   0x08014bad   0x00000003   PAD
    0x08014bb0   0x08014bb0   0x00000010   Data   RO         5276    .constdata          network_2.o
    0x08014bc0   0x08014bc0   0x00000008   Data   RO         5277    .constdata          network_2.o
    0x08014bc8   0x08014bc8   0x00000008   Data   RO         5278    .constdata          network_2.o
    0x08014bd0   0x08014bd0   0x00000068   Data   RO         6188    .constdata          network_2_data.o
    0x08014c38   0x08014c38   0x00000068   Data   RO         6301    .constdata          NetworkRuntime1020_CM7_Keil.lib(ai_platform_interface.o)
    0x08014ca0   0x08014ca0   0x00000040   Data   RO         8230    Region$$Table       anon$$obj.o


    Execution Region RW_IRAM1 (Exec base: 0x20000000, Load base: 0x08014ce0, Size: 0x00007f58, Max: 0x00020000, ABSOLUTE, COMPRESSED[0x00001044])

    Exec Addr    Load Addr    Size         Type   Attr      Idx    E Section Name        Object

    0x20000000   COMPRESSED   0x0000000c   Data   RW           23    .data               main.o
    0x2000000c   COMPRESSED   0x00000008   Data   RW          908    .data               dcmi_ov5640.o
    0x20000014   COMPRESSED   0x0000000c   Data   RW         2836    .data               stm32h7xx_hal.o
    0x20000020   COMPRESSED   0x00000010   Data   RW         5281    .data               network_2.o
    0x20000030   COMPRESSED   0x00000010   Data   RW         5282    .data               network_2.o
    0x20000040   COMPRESSED   0x00000010   Data   RW         5283    .data               network_2.o
    0x20000050   COMPRESSED   0x00000010   Data   RW         5284    .data               network_2.o
    0x20000060   COMPRESSED   0x00000010   Data   RW         5285    .data               network_2.o
    0x20000070   COMPRESSED   0x00000010   Data   RW         5286    .data               network_2.o
    0x20000080   COMPRESSED   0x00000010   Data   RW         5287    .data               network_2.o
    0x20000090   COMPRESSED   0x00000010   Data   RW         5288    .data               network_2.o
    0x200000a0   COMPRESSED   0x00000010   Data   RW         5289    .data               network_2.o
    0x200000b0   COMPRESSED   0x00000010   Data   RW         5290    .data               network_2.o
    0x200000c0   COMPRESSED   0x00000010   Data   RW         5291    .data               network_2.o
    0x200000d0   COMPRESSED   0x00000010   Data   RW         5292    .data               network_2.o
    0x200000e0   COMPRESSED   0x00000010   Data   RW         5293    .data               network_2.o
    0x200000f0   COMPRESSED   0x00000010   Data   RW         5294    .data               network_2.o
    0x20000100   COMPRESSED   0x00000010   Data   RW         5295    .data               network_2.o
    0x20000110   COMPRESSED   0x00000010   Data   RW         5296    .data               network_2.o
    0x20000120   COMPRESSED   0x00000010   Data   RW         5297    .data               network_2.o
    0x20000130   COMPRESSED   0x00000010   Data   RW         5298    .data               network_2.o
    0x20000140   COMPRESSED   0x00000010   Data   RW         5299    .data               network_2.o
    0x20000150   COMPRESSED   0x00000010   Data   RW         5300    .data               network_2.o
    0x20000160   COMPRESSED   0x00000010   Data   RW         5301    .data               network_2.o
    0x20000170   COMPRESSED   0x00000010   Data   RW         5302    .data               network_2.o
    0x20000180   COMPRESSED   0x00000010   Data   RW         5303    .data               network_2.o
    0x20000190   COMPRESSED   0x00000010   Data   RW         5304    .data               network_2.o
    0x200001a0   COMPRESSED   0x00000010   Data   RW         5305    .data               network_2.o
    0x200001b0   COMPRESSED   0x00000010   Data   RW         5306    .data               network_2.o
    0x200001c0   COMPRESSED   0x00000010   Data   RW         5307    .data               network_2.o
    0x200001d0   COMPRESSED   0x00000010   Data   RW         5308    .data               network_2.o
    0x200001e0   COMPRESSED   0x00000010   Data   RW         5309    .data               network_2.o
    0x200001f0   COMPRESSED   0x00000010   Data   RW         5310    .data               network_2.o
    0x20000200   COMPRESSED   0x00000010   Data   RW         5311    .data               network_2.o
    0x20000210   COMPRESSED   0x00000010   Data   RW         5313    .data               network_2.o
    0x20000220   COMPRESSED   0x00000010   Data   RW         5315    .data               network_2.o
    0x20000230   COMPRESSED   0x00000010   Data   RW         5317    .data               network_2.o
    0x20000240   COMPRESSED   0x00000010   Data   RW         5319    .data               network_2.o
    0x20000250   COMPRESSED   0x00000010   Data   RW         5321    .data               network_2.o
    0x20000260   COMPRESSED   0x00000010   Data   RW         5323    .data               network_2.o
    0x20000270   COMPRESSED   0x00000010   Data   RW         5325    .data               network_2.o
    0x20000280   COMPRESSED   0x00000010   Data   RW         5327    .data               network_2.o
    0x20000290   COMPRESSED   0x00000010   Data   RW         5329    .data               network_2.o
    0x200002a0   COMPRESSED   0x00000010   Data   RW         5331    .data               network_2.o
    0x200002b0   COMPRESSED   0x00000010   Data   RW         5333    .data               network_2.o
    0x200002c0   COMPRESSED   0x00000010   Data   RW         5335    .data               network_2.o
    0x200002d0   COMPRESSED   0x00000010   Data   RW         5337    .data               network_2.o
    0x200002e0   COMPRESSED   0x00000010   Data   RW         5339    .data               network_2.o
    0x200002f0   COMPRESSED   0x00000010   Data   RW         5341    .data               network_2.o
    0x20000300   COMPRESSED   0x00000010   Data   RW         5343    .data               network_2.o
    0x20000310   COMPRESSED   0x00000010   Data   RW         5345    .data               network_2.o
    0x20000320   COMPRESSED   0x00000010   Data   RW         5347    .data               network_2.o
    0x20000330   COMPRESSED   0x00000010   Data   RW         5349    .data               network_2.o
    0x20000340   COMPRESSED   0x00000010   Data   RW         5351    .data               network_2.o
    0x20000350   COMPRESSED   0x00000010   Data   RW         5353    .data               network_2.o
    0x20000360   COMPRESSED   0x00000010   Data   RW         5355    .data               network_2.o
    0x20000370   COMPRESSED   0x00000010   Data   RW         5357    .data               network_2.o
    0x20000380   COMPRESSED   0x00000010   Data   RW         5359    .data               network_2.o
    0x20000390   COMPRESSED   0x00000010   Data   RW         5361    .data               network_2.o
    0x200003a0   COMPRESSED   0x00000010   Data   RW         5363    .data               network_2.o
    0x200003b0   COMPRESSED   0x00000010   Data   RW         5365    .data               network_2.o
    0x200003c0   COMPRESSED   0x00000010   Data   RW         5367    .data               network_2.o
    0x200003d0   COMPRESSED   0x00000010   Data   RW         5369    .data               network_2.o
    0x200003e0   COMPRESSED   0x00000010   Data   RW         5371    .data               network_2.o
    0x200003f0   COMPRESSED   0x00000010   Data   RW         5373    .data               network_2.o
    0x20000400   COMPRESSED   0x00000010   Data   RW         5375    .data               network_2.o
    0x20000410   COMPRESSED   0x00000010   Data   RW         5377    .data               network_2.o
    0x20000420   COMPRESSED   0x00000010   Data   RW         5379    .data               network_2.o
    0x20000430   COMPRESSED   0x00000010   Data   RW         5381    .data               network_2.o
    0x20000440   COMPRESSED   0x00000010   Data   RW         5383    .data               network_2.o
    0x20000450   COMPRESSED   0x00000010   Data   RW         5385    .data               network_2.o
    0x20000460   COMPRESSED   0x00000010   Data   RW         5387    .data               network_2.o
    0x20000470   COMPRESSED   0x00000010   Data   RW         5389    .data               network_2.o
    0x20000480   COMPRESSED   0x00000010   Data   RW         5391    .data               network_2.o
    0x20000490   COMPRESSED   0x00000010   Data   RW         5393    .data               network_2.o
    0x200004a0   COMPRESSED   0x00000010   Data   RW         5395    .data               network_2.o
    0x200004b0   COMPRESSED   0x00000010   Data   RW         5397    .data               network_2.o
    0x200004c0   COMPRESSED   0x00000010   Data   RW         5399    .data               network_2.o
    0x200004d0   COMPRESSED   0x00000010   Data   RW         5401    .data               network_2.o
    0x200004e0   COMPRESSED   0x00000010   Data   RW         5403    .data               network_2.o
    0x200004f0   COMPRESSED   0x00000010   Data   RW         5405    .data               network_2.o
    0x20000500   COMPRESSED   0x00000010   Data   RW         5407    .data               network_2.o
    0x20000510   COMPRESSED   0x00000010   Data   RW         5409    .data               network_2.o
    0x20000520   COMPRESSED   0x00000010   Data   RW         5411    .data               network_2.o
    0x20000530   COMPRESSED   0x00000010   Data   RW         5413    .data               network_2.o
    0x20000540   COMPRESSED   0x00000010   Data   RW         5415    .data               network_2.o
    0x20000550   COMPRESSED   0x00000010   Data   RW         5417    .data               network_2.o
    0x20000560   COMPRESSED   0x00000010   Data   RW         5419    .data               network_2.o
    0x20000570   COMPRESSED   0x00000010   Data   RW         5421    .data               network_2.o
    0x20000580   COMPRESSED   0x00000010   Data   RW         5423    .data               network_2.o
    0x20000590   COMPRESSED   0x00000010   Data   RW         5425    .data               network_2.o
    0x200005a0   COMPRESSED   0x00000010   Data   RW         5427    .data               network_2.o
    0x200005b0   COMPRESSED   0x00000010   Data   RW         5429    .data               network_2.o
    0x200005c0   COMPRESSED   0x00000010   Data   RW         5431    .data               network_2.o
    0x200005d0   COMPRESSED   0x00000010   Data   RW         5433    .data               network_2.o
    0x200005e0   COMPRESSED   0x00000010   Data   RW         5435    .data               network_2.o
    0x200005f0   COMPRESSED   0x00000010   Data   RW         5437    .data               network_2.o
    0x20000600   COMPRESSED   0x00000010   Data   RW         5439    .data               network_2.o
    0x20000610   COMPRESSED   0x00000010   Data   RW         5441    .data               network_2.o
    0x20000620   COMPRESSED   0x00000010   Data   RW         5443    .data               network_2.o
    0x20000630   COMPRESSED   0x00000010   Data   RW         5445    .data               network_2.o
    0x20000640   COMPRESSED   0x00000010   Data   RW         5447    .data               network_2.o
    0x20000650   COMPRESSED   0x00000010   Data   RW         5449    .data               network_2.o
    0x20000660   COMPRESSED   0x00000010   Data   RW         5451    .data               network_2.o
    0x20000670   COMPRESSED   0x00000010   Data   RW         5453    .data               network_2.o
    0x20000680   COMPRESSED   0x00000010   Data   RW         5455    .data               network_2.o
    0x20000690   COMPRESSED   0x00000010   Data   RW         5457    .data               network_2.o
    0x200006a0   COMPRESSED   0x00000010   Data   RW         5459    .data               network_2.o
    0x200006b0   COMPRESSED   0x00000010   Data   RW         5461    .data               network_2.o
    0x200006c0   COMPRESSED   0x00000010   Data   RW         5463    .data               network_2.o
    0x200006d0   COMPRESSED   0x00000010   Data   RW         5465    .data               network_2.o
    0x200006e0   COMPRESSED   0x00000010   Data   RW         5467    .data               network_2.o
    0x200006f0   COMPRESSED   0x00000010   Data   RW         5469    .data               network_2.o
    0x20000700   COMPRESSED   0x00000010   Data   RW         5471    .data               network_2.o
    0x20000710   COMPRESSED   0x00000010   Data   RW         5473    .data               network_2.o
    0x20000720   COMPRESSED   0x00000010   Data   RW         5475    .data               network_2.o
    0x20000730   COMPRESSED   0x00000010   Data   RW         5477    .data               network_2.o
    0x20000740   COMPRESSED   0x00000010   Data   RW         5479    .data               network_2.o
    0x20000750   COMPRESSED   0x00000010   Data   RW         5481    .data               network_2.o
    0x20000760   COMPRESSED   0x00000010   Data   RW         5483    .data               network_2.o
    0x20000770   COMPRESSED   0x00000010   Data   RW         5485    .data               network_2.o
    0x20000780   COMPRESSED   0x00000010   Data   RW         5487    .data               network_2.o
    0x20000790   COMPRESSED   0x00000010   Data   RW         5489    .data               network_2.o
    0x200007a0   COMPRESSED   0x00000010   Data   RW         5491    .data               network_2.o
    0x200007b0   COMPRESSED   0x00000010   Data   RW         5493    .data               network_2.o
    0x200007c0   COMPRESSED   0x00000010   Data   RW         5495    .data               network_2.o
    0x200007d0   COMPRESSED   0x00000010   Data   RW         5497    .data               network_2.o
    0x200007e0   COMPRESSED   0x00000010   Data   RW         5499    .data               network_2.o
    0x200007f0   COMPRESSED   0x00000010   Data   RW         5501    .data               network_2.o
    0x20000800   COMPRESSED   0x00000010   Data   RW         5503    .data               network_2.o
    0x20000810   COMPRESSED   0x00000010   Data   RW         5505    .data               network_2.o
    0x20000820   COMPRESSED   0x00000010   Data   RW         5507    .data               network_2.o
    0x20000830   COMPRESSED   0x00000010   Data   RW         5509    .data               network_2.o
    0x20000840   COMPRESSED   0x00000010   Data   RW         5511    .data               network_2.o
    0x20000850   COMPRESSED   0x00000010   Data   RW         5513    .data               network_2.o
    0x20000860   COMPRESSED   0x00000010   Data   RW         5515    .data               network_2.o
    0x20000870   COMPRESSED   0x00000010   Data   RW         5517    .data               network_2.o
    0x20000880   COMPRESSED   0x00000010   Data   RW         5519    .data               network_2.o
    0x20000890   COMPRESSED   0x00000010   Data   RW         5521    .data               network_2.o
    0x200008a0   COMPRESSED   0x00000010   Data   RW         5523    .data               network_2.o
    0x200008b0   COMPRESSED   0x00000010   Data   RW         5525    .data               network_2.o
    0x200008c0   COMPRESSED   0x00000010   Data   RW         5527    .data               network_2.o
    0x200008d0   COMPRESSED   0x00000010   Data   RW         5529    .data               network_2.o
    0x200008e0   COMPRESSED   0x00000010   Data   RW         5531    .data               network_2.o
    0x200008f0   COMPRESSED   0x00000010   Data   RW         5533    .data               network_2.o
    0x20000900   COMPRESSED   0x00000010   Data   RW         5535    .data               network_2.o
    0x20000910   COMPRESSED   0x00000010   Data   RW         5537    .data               network_2.o
    0x20000920   COMPRESSED   0x00000004   Data   RW         5539    .data               network_2.o
    0x20000924   COMPRESSED   0x00000004   Data   RW         5540    .data               network_2.o
    0x20000928   COMPRESSED   0x00000004   Data   RW         5542    .data               network_2.o
    0x2000092c   COMPRESSED   0x00000030   Data   RW         5543    .data               network_2.o
    0x2000095c   COMPRESSED   0x00000004   Data   RW         5545    .data               network_2.o
    0x20000960   COMPRESSED   0x00000030   Data   RW         5548    .data               network_2.o
    0x20000990   COMPRESSED   0x00000004   Data   RW         5549    .data               network_2.o
    0x20000994   COMPRESSED   0x00000004   Data   RW         5551    .data               network_2.o
    0x20000998   COMPRESSED   0x00000030   Data   RW         5553    .data               network_2.o
    0x200009c8   COMPRESSED   0x00000004   Data   RW         5554    .data               network_2.o
    0x200009cc   COMPRESSED   0x0000000c   Data   RW         5556    .data               network_2.o
    0x200009d8   COMPRESSED   0x00000004   Data   RW         5557    .data               network_2.o
    0x200009dc   COMPRESSED   0x00000030   Data   RW         5558    .data               network_2.o
    0x20000a0c   COMPRESSED   0x00000004   Data   RW         5560    .data               network_2.o
    0x20000a10   COMPRESSED   0x00000030   Data   RW         5563    .data               network_2.o
    0x20000a40   COMPRESSED   0x00000004   Data   RW         5564    .data               network_2.o
    0x20000a44   COMPRESSED   0x00000004   Data   RW         5566    .data               network_2.o
    0x20000a48   COMPRESSED   0x00000030   Data   RW         5568    .data               network_2.o
    0x20000a78   COMPRESSED   0x00000010   Data   RW         5569    .data               network_2.o
    0x20000a88   COMPRESSED   0x00000004   Data   RW         5570    .data               network_2.o
    0x20000a8c   COMPRESSED   0x0000000c   Data   RW         5572    .data               network_2.o
    0x20000a98   COMPRESSED   0x00000004   Data   RW         5573    .data               network_2.o
    0x20000a9c   COMPRESSED   0x00000030   Data   RW         5574    .data               network_2.o
    0x20000acc   COMPRESSED   0x00000004   Data   RW         5576    .data               network_2.o
    0x20000ad0   COMPRESSED   0x00000030   Data   RW         5579    .data               network_2.o
    0x20000b00   COMPRESSED   0x00000004   Data   RW         5580    .data               network_2.o
    0x20000b04   COMPRESSED   0x00000004   Data   RW         5582    .data               network_2.o
    0x20000b08   COMPRESSED   0x00000030   Data   RW         5584    .data               network_2.o
    0x20000b38   COMPRESSED   0x00000004   Data   RW         5586    .data               network_2.o
    0x20000b3c   COMPRESSED   0x0000000c   Data   RW         5588    .data               network_2.o
    0x20000b48   COMPRESSED   0x00000004   Data   RW         5589    .data               network_2.o
    0x20000b4c   COMPRESSED   0x00000030   Data   RW         5590    .data               network_2.o
    0x20000b7c   COMPRESSED   0x00000004   Data   RW         5592    .data               network_2.o
    0x20000b80   COMPRESSED   0x00000030   Data   RW         5595    .data               network_2.o
    0x20000bb0   COMPRESSED   0x00000004   Data   RW         5596    .data               network_2.o
    0x20000bb4   COMPRESSED   0x00000004   Data   RW         5598    .data               network_2.o
    0x20000bb8   COMPRESSED   0x00000030   Data   RW         5600    .data               network_2.o
    0x20000be8   COMPRESSED   0x00000010   Data   RW         5601    .data               network_2.o
    0x20000bf8   COMPRESSED   0x00000004   Data   RW         5602    .data               network_2.o
    0x20000bfc   COMPRESSED   0x0000000c   Data   RW         5604    .data               network_2.o
    0x20000c08   COMPRESSED   0x00000004   Data   RW         5605    .data               network_2.o
    0x20000c0c   COMPRESSED   0x00000030   Data   RW         5606    .data               network_2.o
    0x20000c3c   COMPRESSED   0x00000004   Data   RW         5608    .data               network_2.o
    0x20000c40   COMPRESSED   0x00000030   Data   RW         5611    .data               network_2.o
    0x20000c70   COMPRESSED   0x00000004   Data   RW         5612    .data               network_2.o
    0x20000c74   COMPRESSED   0x00000004   Data   RW         5614    .data               network_2.o
    0x20000c78   COMPRESSED   0x00000030   Data   RW         5616    .data               network_2.o
    0x20000ca8   COMPRESSED   0x00000004   Data   RW         5618    .data               network_2.o
    0x20000cac   COMPRESSED   0x0000000c   Data   RW         5620    .data               network_2.o
    0x20000cb8   COMPRESSED   0x00000004   Data   RW         5621    .data               network_2.o
    0x20000cbc   COMPRESSED   0x00000030   Data   RW         5622    .data               network_2.o
    0x20000cec   COMPRESSED   0x00000004   Data   RW         5624    .data               network_2.o
    0x20000cf0   COMPRESSED   0x00000030   Data   RW         5627    .data               network_2.o
    0x20000d20   COMPRESSED   0x00000004   Data   RW         5628    .data               network_2.o
    0x20000d24   COMPRESSED   0x00000004   Data   RW         5630    .data               network_2.o
    0x20000d28   COMPRESSED   0x00000030   Data   RW         5632    .data               network_2.o
    0x20000d58   COMPRESSED   0x00000010   Data   RW         5633    .data               network_2.o
    0x20000d68   COMPRESSED   0x00000004   Data   RW         5634    .data               network_2.o
    0x20000d6c   COMPRESSED   0x0000000c   Data   RW         5636    .data               network_2.o
    0x20000d78   COMPRESSED   0x00000004   Data   RW         5637    .data               network_2.o
    0x20000d7c   COMPRESSED   0x00000030   Data   RW         5638    .data               network_2.o
    0x20000dac   COMPRESSED   0x00000004   Data   RW         5640    .data               network_2.o
    0x20000db0   COMPRESSED   0x00000030   Data   RW         5643    .data               network_2.o
    0x20000de0   COMPRESSED   0x00000004   Data   RW         5644    .data               network_2.o
    0x20000de4   COMPRESSED   0x00000004   Data   RW         5646    .data               network_2.o
    0x20000de8   COMPRESSED   0x00000030   Data   RW         5648    .data               network_2.o
    0x20000e18   COMPRESSED   0x00000004   Data   RW         5650    .data               network_2.o
    0x20000e1c   COMPRESSED   0x0000000c   Data   RW         5652    .data               network_2.o
    0x20000e28   COMPRESSED   0x00000004   Data   RW         5653    .data               network_2.o
    0x20000e2c   COMPRESSED   0x00000030   Data   RW         5654    .data               network_2.o
    0x20000e5c   COMPRESSED   0x00000004   Data   RW         5656    .data               network_2.o
    0x20000e60   COMPRESSED   0x00000030   Data   RW         5659    .data               network_2.o
    0x20000e90   COMPRESSED   0x00000004   Data   RW         5660    .data               network_2.o
    0x20000e94   COMPRESSED   0x00000004   Data   RW         5662    .data               network_2.o
    0x20000e98   COMPRESSED   0x00000030   Data   RW         5664    .data               network_2.o
    0x20000ec8   COMPRESSED   0x00000010   Data   RW         5665    .data               network_2.o
    0x20000ed8   COMPRESSED   0x00000004   Data   RW         5666    .data               network_2.o
    0x20000edc   COMPRESSED   0x0000000c   Data   RW         5668    .data               network_2.o
    0x20000ee8   COMPRESSED   0x00000004   Data   RW         5669    .data               network_2.o
    0x20000eec   COMPRESSED   0x00000030   Data   RW         5670    .data               network_2.o
    0x20000f1c   COMPRESSED   0x00000004   Data   RW         5672    .data               network_2.o
    0x20000f20   COMPRESSED   0x00000030   Data   RW         5675    .data               network_2.o
    0x20000f50   COMPRESSED   0x00000004   Data   RW         5676    .data               network_2.o
    0x20000f54   COMPRESSED   0x00000004   Data   RW         5678    .data               network_2.o
    0x20000f58   COMPRESSED   0x00000030   Data   RW         5680    .data               network_2.o
    0x20000f88   COMPRESSED   0x00000004   Data   RW         5682    .data               network_2.o
    0x20000f8c   COMPRESSED   0x0000000c   Data   RW         5684    .data               network_2.o
    0x20000f98   COMPRESSED   0x00000004   Data   RW         5685    .data               network_2.o
    0x20000f9c   COMPRESSED   0x00000030   Data   RW         5686    .data               network_2.o
    0x20000fcc   COMPRESSED   0x00000004   Data   RW         5688    .data               network_2.o
    0x20000fd0   COMPRESSED   0x00000030   Data   RW         5691    .data               network_2.o
    0x20001000   COMPRESSED   0x00000004   Data   RW         5692    .data               network_2.o
    0x20001004   COMPRESSED   0x00000004   Data   RW         5694    .data               network_2.o
    0x20001008   COMPRESSED   0x00000030   Data   RW         5696    .data               network_2.o
    0x20001038   COMPRESSED   0x00000010   Data   RW         5697    .data               network_2.o
    0x20001048   COMPRESSED   0x00000004   Data   RW         5698    .data               network_2.o
    0x2000104c   COMPRESSED   0x0000000c   Data   RW         5700    .data               network_2.o
    0x20001058   COMPRESSED   0x00000004   Data   RW         5701    .data               network_2.o
    0x2000105c   COMPRESSED   0x00000030   Data   RW         5702    .data               network_2.o
    0x2000108c   COMPRESSED   0x00000004   Data   RW         5704    .data               network_2.o
    0x20001090   COMPRESSED   0x00000030   Data   RW         5707    .data               network_2.o
    0x200010c0   COMPRESSED   0x00000004   Data   RW         5708    .data               network_2.o
    0x200010c4   COMPRESSED   0x00000004   Data   RW         5710    .data               network_2.o
    0x200010c8   COMPRESSED   0x00000030   Data   RW         5712    .data               network_2.o
    0x200010f8   COMPRESSED   0x00000004   Data   RW         5714    .data               network_2.o
    0x200010fc   COMPRESSED   0x0000000c   Data   RW         5716    .data               network_2.o
    0x20001108   COMPRESSED   0x00000004   Data   RW         5717    .data               network_2.o
    0x2000110c   COMPRESSED   0x00000030   Data   RW         5718    .data               network_2.o
    0x2000113c   COMPRESSED   0x00000004   Data   RW         5720    .data               network_2.o
    0x20001140   COMPRESSED   0x00000030   Data   RW         5723    .data               network_2.o
    0x20001170   COMPRESSED   0x00000004   Data   RW         5724    .data               network_2.o
    0x20001174   COMPRESSED   0x00000004   Data   RW         5726    .data               network_2.o
    0x20001178   COMPRESSED   0x00000030   Data   RW         5728    .data               network_2.o
    0x200011a8   COMPRESSED   0x00000010   Data   RW         5729    .data               network_2.o
    0x200011b8   COMPRESSED   0x00000004   Data   RW         5730    .data               network_2.o
    0x200011bc   COMPRESSED   0x0000000c   Data   RW         5732    .data               network_2.o
    0x200011c8   COMPRESSED   0x00000004   Data   RW         5733    .data               network_2.o
    0x200011cc   COMPRESSED   0x00000030   Data   RW         5734    .data               network_2.o
    0x200011fc   COMPRESSED   0x00000004   Data   RW         5736    .data               network_2.o
    0x20001200   COMPRESSED   0x00000030   Data   RW         5739    .data               network_2.o
    0x20001230   COMPRESSED   0x00000004   Data   RW         5740    .data               network_2.o
    0x20001234   COMPRESSED   0x00000004   Data   RW         5742    .data               network_2.o
    0x20001238   COMPRESSED   0x00000030   Data   RW         5744    .data               network_2.o
    0x20001268   COMPRESSED   0x00000004   Data   RW         5746    .data               network_2.o
    0x2000126c   COMPRESSED   0x0000000c   Data   RW         5748    .data               network_2.o
    0x20001278   COMPRESSED   0x00000004   Data   RW         5749    .data               network_2.o
    0x2000127c   COMPRESSED   0x00000030   Data   RW         5750    .data               network_2.o
    0x200012ac   COMPRESSED   0x00000004   Data   RW         5752    .data               network_2.o
    0x200012b0   COMPRESSED   0x00000030   Data   RW         5755    .data               network_2.o
    0x200012e0   COMPRESSED   0x00000004   Data   RW         5756    .data               network_2.o
    0x200012e4   COMPRESSED   0x00000004   Data   RW         5758    .data               network_2.o
    0x200012e8   COMPRESSED   0x00000030   Data   RW         5760    .data               network_2.o
    0x20001318   COMPRESSED   0x00000010   Data   RW         5761    .data               network_2.o
    0x20001328   COMPRESSED   0x00000004   Data   RW         5762    .data               network_2.o
    0x2000132c   COMPRESSED   0x0000000c   Data   RW         5764    .data               network_2.o
    0x20001338   COMPRESSED   0x00000004   Data   RW         5765    .data               network_2.o
    0x2000133c   COMPRESSED   0x00000030   Data   RW         5766    .data               network_2.o
    0x2000136c   COMPRESSED   0x00000010   Data   RW         5768    .data               network_2.o
    0x2000137c   COMPRESSED   0x0000001c   Data   RW         5769    .data               network_2.o
    0x20001398   COMPRESSED   0x0000001c   Data   RW         5771    .data               network_2.o
    0x200013b4   COMPRESSED   0x00000008   Data   RW         5772    .data               network_2.o
    0x200013bc   COMPRESSED   0x00000004   Data   RW         5776    .data               network_2.o
    0x200013c0   COMPRESSED   0x0000000c   Data   RW         5777    .data               network_2.o
    0x200013cc   COMPRESSED   0x00000018   Data   RW         5778    .data               network_2.o
    0x200013e4   COMPRESSED   0x00000864   Data   RW         5779    .data               network_2.o
    0x20001c48   COMPRESSED   0x0000001c   Data   RW         5780    .data               network_2.o
    0x20001c64   COMPRESSED   0x0000001c   Data   RW         5781    .data               network_2.o
    0x20001c80   COMPRESSED   0x0000001c   Data   RW         5782    .data               network_2.o
    0x20001c9c   COMPRESSED   0x0000001c   Data   RW         5783    .data               network_2.o
    0x20001cb8   COMPRESSED   0x0000001c   Data   RW         5784    .data               network_2.o
    0x20001cd4   COMPRESSED   0x0000001c   Data   RW         5785    .data               network_2.o
    0x20001cf0   COMPRESSED   0x0000001c   Data   RW         5786    .data               network_2.o
    0x20001d0c   COMPRESSED   0x0000001c   Data   RW         5787    .data               network_2.o
    0x20001d28   COMPRESSED   0x0000001c   Data   RW         5788    .data               network_2.o
    0x20001d44   COMPRESSED   0x0000001c   Data   RW         5789    .data               network_2.o
    0x20001d60   COMPRESSED   0x0000001c   Data   RW         5790    .data               network_2.o
    0x20001d7c   COMPRESSED   0x0000001c   Data   RW         5791    .data               network_2.o
    0x20001d98   COMPRESSED   0x0000001c   Data   RW         5792    .data               network_2.o
    0x20001db4   COMPRESSED   0x0000001c   Data   RW         5793    .data               network_2.o
    0x20001dd0   COMPRESSED   0x0000001c   Data   RW         5794    .data               network_2.o
    0x20001dec   COMPRESSED   0x0000001c   Data   RW         5795    .data               network_2.o
    0x20001e08   COMPRESSED   0x0000001c   Data   RW         5796    .data               network_2.o
    0x20001e24   COMPRESSED   0x0000001c   Data   RW         5797    .data               network_2.o
    0x20001e40   COMPRESSED   0x0000001c   Data   RW         5798    .data               network_2.o
    0x20001e5c   COMPRESSED   0x0000001c   Data   RW         5799    .data               network_2.o
    0x20001e78   COMPRESSED   0x0000001c   Data   RW         5800    .data               network_2.o
    0x20001e94   COMPRESSED   0x0000001c   Data   RW         5801    .data               network_2.o
    0x20001eb0   COMPRESSED   0x0000001c   Data   RW         5802    .data               network_2.o
    0x20001ecc   COMPRESSED   0x0000001c   Data   RW         5803    .data               network_2.o
    0x20001ee8   COMPRESSED   0x0000001c   Data   RW         5804    .data               network_2.o
    0x20001f04   COMPRESSED   0x0000001c   Data   RW         5805    .data               network_2.o
    0x20001f20   COMPRESSED   0x0000001c   Data   RW         5806    .data               network_2.o
    0x20001f3c   COMPRESSED   0x0000001c   Data   RW         5807    .data               network_2.o
    0x20001f58   COMPRESSED   0x0000001c   Data   RW         5808    .data               network_2.o
    0x20001f74   COMPRESSED   0x0000001c   Data   RW         5809    .data               network_2.o
    0x20001f90   COMPRESSED   0x0000001c   Data   RW         5810    .data               network_2.o
    0x20001fac   COMPRESSED   0x0000001c   Data   RW         5811    .data               network_2.o
    0x20001fc8   COMPRESSED   0x0000001c   Data   RW         5812    .data               network_2.o
    0x20001fe4   COMPRESSED   0x0000001c   Data   RW         5813    .data               network_2.o
    0x20002000   COMPRESSED   0x0000001c   Data   RW         5814    .data               network_2.o
    0x2000201c   COMPRESSED   0x0000001c   Data   RW         5815    .data               network_2.o
    0x20002038   COMPRESSED   0x0000001c   Data   RW         5816    .data               network_2.o
    0x20002054   COMPRESSED   0x0000001c   Data   RW         5817    .data               network_2.o
    0x20002070   COMPRESSED   0x0000001c   Data   RW         5818    .data               network_2.o
    0x2000208c   COMPRESSED   0x0000001c   Data   RW         5819    .data               network_2.o
    0x200020a8   COMPRESSED   0x0000001c   Data   RW         5820    .data               network_2.o
    0x200020c4   COMPRESSED   0x0000001c   Data   RW         5821    .data               network_2.o
    0x200020e0   COMPRESSED   0x0000001c   Data   RW         5822    .data               network_2.o
    0x200020fc   COMPRESSED   0x0000001c   Data   RW         5823    .data               network_2.o
    0x20002118   COMPRESSED   0x0000001c   Data   RW         5824    .data               network_2.o
    0x20002134   COMPRESSED   0x0000001c   Data   RW         5825    .data               network_2.o
    0x20002150   COMPRESSED   0x0000001c   Data   RW         5826    .data               network_2.o
    0x2000216c   COMPRESSED   0x0000001c   Data   RW         5827    .data               network_2.o
    0x20002188   COMPRESSED   0x0000001c   Data   RW         5828    .data               network_2.o
    0x200021a4   COMPRESSED   0x0000001c   Data   RW         5829    .data               network_2.o
    0x200021c0   COMPRESSED   0x0000001c   Data   RW         5830    .data               network_2.o
    0x200021dc   COMPRESSED   0x0000001c   Data   RW         5831    .data               network_2.o
    0x200021f8   COMPRESSED   0x0000001c   Data   RW         5832    .data               network_2.o
    0x20002214   COMPRESSED   0x0000001c   Data   RW         5833    .data               network_2.o
    0x20002230   COMPRESSED   0x0000001c   Data   RW         5834    .data               network_2.o
    0x2000224c   COMPRESSED   0x0000001c   Data   RW         5835    .data               network_2.o
    0x20002268   COMPRESSED   0x0000001c   Data   RW         5836    .data               network_2.o
    0x20002284   COMPRESSED   0x0000001c   Data   RW         5837    .data               network_2.o
    0x200022a0   COMPRESSED   0x0000001c   Data   RW         5838    .data               network_2.o
    0x200022bc   COMPRESSED   0x0000001c   Data   RW         5839    .data               network_2.o
    0x200022d8   COMPRESSED   0x0000001c   Data   RW         5840    .data               network_2.o
    0x200022f4   COMPRESSED   0x0000001c   Data   RW         5841    .data               network_2.o
    0x20002310   COMPRESSED   0x0000001c   Data   RW         5842    .data               network_2.o
    0x2000232c   COMPRESSED   0x0000001c   Data   RW         5843    .data               network_2.o
    0x20002348   COMPRESSED   0x0000001c   Data   RW         5844    .data               network_2.o
    0x20002364   COMPRESSED   0x0000001c   Data   RW         5845    .data               network_2.o
    0x20002380   COMPRESSED   0x0000001c   Data   RW         5846    .data               network_2.o
    0x2000239c   COMPRESSED   0x0000001c   Data   RW         5847    .data               network_2.o
    0x200023b8   COMPRESSED   0x0000001c   Data   RW         5848    .data               network_2.o
    0x200023d4   COMPRESSED   0x0000001c   Data   RW         5849    .data               network_2.o
    0x200023f0   COMPRESSED   0x0000001c   Data   RW         5850    .data               network_2.o
    0x2000240c   COMPRESSED   0x0000001c   Data   RW         5851    .data               network_2.o
    0x20002428   COMPRESSED   0x0000001c   Data   RW         5852    .data               network_2.o
    0x20002444   COMPRESSED   0x0000001c   Data   RW         5853    .data               network_2.o
    0x20002460   COMPRESSED   0x0000001c   Data   RW         5854    .data               network_2.o
    0x2000247c   COMPRESSED   0x0000001c   Data   RW         5855    .data               network_2.o
    0x20002498   COMPRESSED   0x0000001c   Data   RW         5856    .data               network_2.o
    0x200024b4   COMPRESSED   0x0000001c   Data   RW         5857    .data               network_2.o
    0x200024d0   COMPRESSED   0x0000001c   Data   RW         5858    .data               network_2.o
    0x200024ec   COMPRESSED   0x0000001c   Data   RW         5859    .data               network_2.o
    0x20002508   COMPRESSED   0x0000001c   Data   RW         5860    .data               network_2.o
    0x20002524   COMPRESSED   0x0000001c   Data   RW         5861    .data               network_2.o
    0x20002540   COMPRESSED   0x0000001c   Data   RW         5862    .data               network_2.o
    0x2000255c   COMPRESSED   0x0000001c   Data   RW         5863    .data               network_2.o
    0x20002578   COMPRESSED   0x0000001c   Data   RW         5864    .data               network_2.o
    0x20002594   COMPRESSED   0x0000001c   Data   RW         5865    .data               network_2.o
    0x200025b0   COMPRESSED   0x0000001c   Data   RW         5866    .data               network_2.o
    0x200025cc   COMPRESSED   0x0000001c   Data   RW         5867    .data               network_2.o
    0x200025e8   COMPRESSED   0x0000001c   Data   RW         5868    .data               network_2.o
    0x20002604   COMPRESSED   0x0000001c   Data   RW         5869    .data               network_2.o
    0x20002620   COMPRESSED   0x0000001c   Data   RW         5870    .data               network_2.o
    0x2000263c   COMPRESSED   0x0000001c   Data   RW         5871    .data               network_2.o
    0x20002658   COMPRESSED   0x0000001c   Data   RW         5872    .data               network_2.o
    0x20002674   COMPRESSED   0x0000001c   Data   RW         5873    .data               network_2.o
    0x20002690   COMPRESSED   0x0000001c   Data   RW         5874    .data               network_2.o
    0x200026ac   COMPRESSED   0x0000001c   Data   RW         5875    .data               network_2.o
    0x200026c8   COMPRESSED   0x0000001c   Data   RW         5876    .data               network_2.o
    0x200026e4   COMPRESSED   0x0000001c   Data   RW         5877    .data               network_2.o
    0x20002700   COMPRESSED   0x0000001c   Data   RW         5878    .data               network_2.o
    0x2000271c   COMPRESSED   0x0000001c   Data   RW         5879    .data               network_2.o
    0x20002738   COMPRESSED   0x0000001c   Data   RW         5880    .data               network_2.o
    0x20002754   COMPRESSED   0x0000001c   Data   RW         5881    .data               network_2.o
    0x20002770   COMPRESSED   0x0000001c   Data   RW         5882    .data               network_2.o
    0x2000278c   COMPRESSED   0x0000001c   Data   RW         5883    .data               network_2.o
    0x200027a8   COMPRESSED   0x0000001c   Data   RW         5884    .data               network_2.o
    0x200027c4   COMPRESSED   0x0000001c   Data   RW         5885    .data               network_2.o
    0x200027e0   COMPRESSED   0x0000001c   Data   RW         5886    .data               network_2.o
    0x200027fc   COMPRESSED   0x0000001c   Data   RW         5887    .data               network_2.o
    0x20002818   COMPRESSED   0x0000001c   Data   RW         5888    .data               network_2.o
    0x20002834   COMPRESSED   0x0000001c   Data   RW         5889    .data               network_2.o
    0x20002850   COMPRESSED   0x0000001c   Data   RW         5890    .data               network_2.o
    0x2000286c   COMPRESSED   0x0000001c   Data   RW         5891    .data               network_2.o
    0x20002888   COMPRESSED   0x0000001c   Data   RW         5892    .data               network_2.o
    0x200028a4   COMPRESSED   0x0000001c   Data   RW         5893    .data               network_2.o
    0x200028c0   COMPRESSED   0x0000001c   Data   RW         5894    .data               network_2.o
    0x200028dc   COMPRESSED   0x0000001c   Data   RW         5895    .data               network_2.o
    0x200028f8   COMPRESSED   0x0000001c   Data   RW         5896    .data               network_2.o
    0x20002914   COMPRESSED   0x0000001c   Data   RW         5897    .data               network_2.o
    0x20002930   COMPRESSED   0x0000001c   Data   RW         5898    .data               network_2.o
    0x2000294c   COMPRESSED   0x0000001c   Data   RW         5899    .data               network_2.o
    0x20002968   COMPRESSED   0x0000001c   Data   RW         5900    .data               network_2.o
    0x20002984   COMPRESSED   0x0000001c   Data   RW         5901    .data               network_2.o
    0x200029a0   COMPRESSED   0x0000001c   Data   RW         5902    .data               network_2.o
    0x200029bc   COMPRESSED   0x0000001c   Data   RW         5903    .data               network_2.o
    0x200029d8   COMPRESSED   0x0000001c   Data   RW         5904    .data               network_2.o
    0x200029f4   COMPRESSED   0x0000001c   Data   RW         5905    .data               network_2.o
    0x20002a10   COMPRESSED   0x0000001c   Data   RW         5906    .data               network_2.o
    0x20002a2c   COMPRESSED   0x0000001c   Data   RW         5907    .data               network_2.o
    0x20002a48   COMPRESSED   0x0000001c   Data   RW         5908    .data               network_2.o
    0x20002a64   COMPRESSED   0x00000024   Data   RW         5909    .data               network_2.o
    0x20002a88   COMPRESSED   0x00000044   Data   RW         5910    .data               network_2.o
    0x20002acc   COMPRESSED   0x00000038   Data   RW         5911    .data               network_2.o
    0x20002b04   COMPRESSED   0x00000044   Data   RW         5912    .data               network_2.o
    0x20002b48   COMPRESSED   0x00000044   Data   RW         5913    .data               network_2.o
    0x20002b8c   COMPRESSED   0x0000002c   Data   RW         5914    .data               network_2.o
    0x20002bb8   COMPRESSED   0x00000044   Data   RW         5915    .data               network_2.o
    0x20002bfc   COMPRESSED   0x00000044   Data   RW         5916    .data               network_2.o
    0x20002c40   COMPRESSED   0x0000002c   Data   RW         5917    .data               network_2.o
    0x20002c6c   COMPRESSED   0x00000044   Data   RW         5918    .data               network_2.o
    0x20002cb0   COMPRESSED   0x00000044   Data   RW         5919    .data               network_2.o
    0x20002cf4   COMPRESSED   0x0000002c   Data   RW         5920    .data               network_2.o
    0x20002d20   COMPRESSED   0x00000044   Data   RW         5921    .data               network_2.o
    0x20002d64   COMPRESSED   0x00000044   Data   RW         5922    .data               network_2.o
    0x20002da8   COMPRESSED   0x0000002c   Data   RW         5923    .data               network_2.o
    0x20002dd4   COMPRESSED   0x00000044   Data   RW         5924    .data               network_2.o
    0x20002e18   COMPRESSED   0x00000044   Data   RW         5925    .data               network_2.o
    0x20002e5c   COMPRESSED   0x0000002c   Data   RW         5926    .data               network_2.o
    0x20002e88   COMPRESSED   0x00000044   Data   RW         5927    .data               network_2.o
    0x20002ecc   COMPRESSED   0x00000044   Data   RW         5928    .data               network_2.o
    0x20002f10   COMPRESSED   0x0000002c   Data   RW         5929    .data               network_2.o
    0x20002f3c   COMPRESSED   0x00000044   Data   RW         5930    .data               network_2.o
    0x20002f80   COMPRESSED   0x00000044   Data   RW         5931    .data               network_2.o
    0x20002fc4   COMPRESSED   0x0000002c   Data   RW         5932    .data               network_2.o
    0x20002ff0   COMPRESSED   0x00000044   Data   RW         5933    .data               network_2.o
    0x20003034   COMPRESSED   0x00000044   Data   RW         5934    .data               network_2.o
    0x20003078   COMPRESSED   0x0000002c   Data   RW         5935    .data               network_2.o
    0x200030a4   COMPRESSED   0x00000044   Data   RW         5936    .data               network_2.o
    0x200030e8   COMPRESSED   0x00000044   Data   RW         5937    .data               network_2.o
    0x2000312c   COMPRESSED   0x0000002c   Data   RW         5938    .data               network_2.o
    0x20003158   COMPRESSED   0x00000044   Data   RW         5939    .data               network_2.o
    0x2000319c   COMPRESSED   0x00000044   Data   RW         5940    .data               network_2.o
    0x200031e0   COMPRESSED   0x0000002c   Data   RW         5941    .data               network_2.o
    0x2000320c   COMPRESSED   0x00000044   Data   RW         5942    .data               network_2.o
    0x20003250   COMPRESSED   0x00000044   Data   RW         5943    .data               network_2.o
    0x20003294   COMPRESSED   0x0000002c   Data   RW         5944    .data               network_2.o
    0x200032c0   COMPRESSED   0x00000044   Data   RW         5945    .data               network_2.o
    0x20003304   COMPRESSED   0x00000044   Data   RW         5946    .data               network_2.o
    0x20003348   COMPRESSED   0x0000002c   Data   RW         5947    .data               network_2.o
    0x20003374   COMPRESSED   0x00000044   Data   RW         5948    .data               network_2.o
    0x200033b8   COMPRESSED   0x00000044   Data   RW         5949    .data               network_2.o
    0x200033fc   COMPRESSED   0x0000002c   Data   RW         5950    .data               network_2.o
    0x20003428   COMPRESSED   0x00000044   Data   RW         5951    .data               network_2.o
    0x2000346c   COMPRESSED   0x00000010   Data   RW         6189    .data               network_2_data.o
    0x2000347c   COMPRESSED   0x0000001c   Data   RW         6191    .data               network_2_data.o
    0x20003498   COMPRESSED   0x0000001c   Data   RW         6192    .data               network_2_data.o
    0x200034b4        -       0x00000078   Zero   RW           22    .bss                main.o
    0x2000352c        -       0x00000810   Zero   RW          522    .bss                lcd_spi_200.o
    0x20003d3c        -       0x00000010   Zero   RW         4888    .bss                network_2.o
    0x20003d4c        -       0x00000010   Zero   RW         4889    .bss                network_2.o
    0x20003d5c        -       0x00000010   Zero   RW         4890    .bss                network_2.o
    0x20003d6c        -       0x00000010   Zero   RW         4891    .bss                network_2.o
    0x20003d7c        -       0x00000010   Zero   RW         4892    .bss                network_2.o
    0x20003d8c        -       0x00000010   Zero   RW         4893    .bss                network_2.o
    0x20003d9c        -       0x00000010   Zero   RW         4894    .bss                network_2.o
    0x20003dac        -       0x00000010   Zero   RW         4895    .bss                network_2.o
    0x20003dbc        -       0x00000010   Zero   RW         4896    .bss                network_2.o
    0x20003dcc        -       0x00000010   Zero   RW         4897    .bss                network_2.o
    0x20003ddc        -       0x00000010   Zero   RW         4898    .bss                network_2.o
    0x20003dec        -       0x00000010   Zero   RW         4899    .bss                network_2.o
    0x20003dfc        -       0x00000010   Zero   RW         4900    .bss                network_2.o
    0x20003e0c        -       0x00000010   Zero   RW         4901    .bss                network_2.o
    0x20003e1c        -       0x00000010   Zero   RW         4902    .bss                network_2.o
    0x20003e2c        -       0x00000010   Zero   RW         4903    .bss                network_2.o
    0x20003e3c        -       0x00000010   Zero   RW         4904    .bss                network_2.o
    0x20003e4c        -       0x00000010   Zero   RW         4905    .bss                network_2.o
    0x20003e5c        -       0x00000010   Zero   RW         4906    .bss                network_2.o
    0x20003e6c        -       0x00000010   Zero   RW         4907    .bss                network_2.o
    0x20003e7c        -       0x00000010   Zero   RW         4908    .bss                network_2.o
    0x20003e8c        -       0x00000010   Zero   RW         4909    .bss                network_2.o
    0x20003e9c        -       0x00000010   Zero   RW         4910    .bss                network_2.o
    0x20003eac        -       0x00000010   Zero   RW         4911    .bss                network_2.o
    0x20003ebc        -       0x00000010   Zero   RW         4912    .bss                network_2.o
    0x20003ecc        -       0x00000010   Zero   RW         4913    .bss                network_2.o
    0x20003edc        -       0x00000010   Zero   RW         4914    .bss                network_2.o
    0x20003eec        -       0x00000010   Zero   RW         4915    .bss                network_2.o
    0x20003efc        -       0x0000001c   Zero   RW         4916    .bss                network_2.o
    0x20003f18        -       0x00000010   Zero   RW         4917    .bss                network_2.o
    0x20003f28        -       0x0000001c   Zero   RW         4918    .bss                network_2.o
    0x20003f44        -       0x00000010   Zero   RW         4919    .bss                network_2.o
    0x20003f54   COMPRESSED   0x00000004   PAD
    0x20003f58        -       0x00004000   Zero   RW            1    STACK               startup_stm32h750xx.o


    Execution Region RW_IRAM2 (Exec base: 0x24000000, Load base: 0x08015d24, Size: 0x00067f68, Max: 0x00080000, ABSOLUTE, COMPRESSED[0x00000288])

    Exec Addr    Load Addr    Size         Type   Attr      Idx    E Section Name        Object

    0x24000000   COMPRESSED   0x00000008   Data   RW          523    .data               lcd_spi_200.o
    0x24000008   COMPRESSED   0x0000000c   Data   RW          749    .data               lcd_fonts.o
    0x24000014   COMPRESSED   0x00000008   Data   RW         4844    .data               system_stm32h7xx.o
    0x2400001c   COMPRESSED   0x00000010   Data   RW         5312    .data               network_2.o
    0x2400002c   COMPRESSED   0x00000010   Data   RW         5314    .data               network_2.o
    0x2400003c   COMPRESSED   0x00000010   Data   RW         5316    .data               network_2.o
    0x2400004c   COMPRESSED   0x00000010   Data   RW         5318    .data               network_2.o
    0x2400005c   COMPRESSED   0x00000010   Data   RW         5320    .data               network_2.o
    0x2400006c   COMPRESSED   0x00000010   Data   RW         5322    .data               network_2.o
    0x2400007c   COMPRESSED   0x00000010   Data   RW         5324    .data               network_2.o
    0x2400008c   COMPRESSED   0x00000010   Data   RW         5326    .data               network_2.o
    0x2400009c   COMPRESSED   0x00000010   Data   RW         5328    .data               network_2.o
    0x240000ac   COMPRESSED   0x00000010   Data   RW         5330    .data               network_2.o
    0x240000bc   COMPRESSED   0x00000010   Data   RW         5332    .data               network_2.o
    0x240000cc   COMPRESSED   0x00000010   Data   RW         5334    .data               network_2.o
    0x240000dc   COMPRESSED   0x00000010   Data   RW         5336    .data               network_2.o
    0x240000ec   COMPRESSED   0x00000010   Data   RW         5338    .data               network_2.o
    0x240000fc   COMPRESSED   0x00000010   Data   RW         5340    .data               network_2.o
    0x2400010c   COMPRESSED   0x00000010   Data   RW         5342    .data               network_2.o
    0x2400011c   COMPRESSED   0x00000010   Data   RW         5344    .data               network_2.o
    0x2400012c   COMPRESSED   0x00000010   Data   RW         5346    .data               network_2.o
    0x2400013c   COMPRESSED   0x00000010   Data   RW         5348    .data               network_2.o
    0x2400014c   COMPRESSED   0x00000010   Data   RW         5350    .data               network_2.o
    0x2400015c   COMPRESSED   0x00000010   Data   RW         5352    .data               network_2.o
    0x2400016c   COMPRESSED   0x00000010   Data   RW         5354    .data               network_2.o
    0x2400017c   COMPRESSED   0x00000010   Data   RW         5356    .data               network_2.o
    0x2400018c   COMPRESSED   0x00000010   Data   RW         5358    .data               network_2.o
    0x2400019c   COMPRESSED   0x00000010   Data   RW         5360    .data               network_2.o
    0x240001ac   COMPRESSED   0x00000010   Data   RW         5362    .data               network_2.o
    0x240001bc   COMPRESSED   0x00000010   Data   RW         5364    .data               network_2.o
    0x240001cc   COMPRESSED   0x00000010   Data   RW         5366    .data               network_2.o
    0x240001dc   COMPRESSED   0x00000010   Data   RW         5368    .data               network_2.o
    0x240001ec   COMPRESSED   0x00000010   Data   RW         5370    .data               network_2.o
    0x240001fc   COMPRESSED   0x00000010   Data   RW         5372    .data               network_2.o
    0x2400020c   COMPRESSED   0x00000010   Data   RW         5374    .data               network_2.o
    0x2400021c   COMPRESSED   0x00000010   Data   RW         5376    .data               network_2.o
    0x2400022c   COMPRESSED   0x00000010   Data   RW         5378    .data               network_2.o
    0x2400023c   COMPRESSED   0x00000010   Data   RW         5380    .data               network_2.o
    0x2400024c   COMPRESSED   0x00000010   Data   RW         5382    .data               network_2.o
    0x2400025c   COMPRESSED   0x00000010   Data   RW         5384    .data               network_2.o
    0x2400026c   COMPRESSED   0x00000010   Data   RW         5386    .data               network_2.o
    0x2400027c   COMPRESSED   0x00000010   Data   RW         5388    .data               network_2.o
    0x2400028c   COMPRESSED   0x00000010   Data   RW         5390    .data               network_2.o
    0x2400029c   COMPRESSED   0x00000010   Data   RW         5392    .data               network_2.o
    0x240002ac   COMPRESSED   0x00000010   Data   RW         5394    .data               network_2.o
    0x240002bc   COMPRESSED   0x00000010   Data   RW         5396    .data               network_2.o
    0x240002cc   COMPRESSED   0x00000010   Data   RW         5398    .data               network_2.o
    0x240002dc   COMPRESSED   0x00000010   Data   RW         5400    .data               network_2.o
    0x240002ec   COMPRESSED   0x00000010   Data   RW         5402    .data               network_2.o
    0x240002fc   COMPRESSED   0x00000010   Data   RW         5404    .data               network_2.o
    0x2400030c   COMPRESSED   0x00000010   Data   RW         5406    .data               network_2.o
    0x2400031c   COMPRESSED   0x00000010   Data   RW         5408    .data               network_2.o
    0x2400032c   COMPRESSED   0x00000010   Data   RW         5410    .data               network_2.o
    0x2400033c   COMPRESSED   0x00000010   Data   RW         5412    .data               network_2.o
    0x2400034c   COMPRESSED   0x00000010   Data   RW         5414    .data               network_2.o
    0x2400035c   COMPRESSED   0x00000010   Data   RW         5416    .data               network_2.o
    0x2400036c   COMPRESSED   0x00000010   Data   RW         5418    .data               network_2.o
    0x2400037c   COMPRESSED   0x00000010   Data   RW         5420    .data               network_2.o
    0x2400038c   COMPRESSED   0x00000010   Data   RW         5422    .data               network_2.o
    0x2400039c   COMPRESSED   0x00000010   Data   RW         5424    .data               network_2.o
    0x240003ac   COMPRESSED   0x00000010   Data   RW         5426    .data               network_2.o
    0x240003bc   COMPRESSED   0x00000010   Data   RW         5428    .data               network_2.o
    0x240003cc   COMPRESSED   0x00000010   Data   RW         5430    .data               network_2.o
    0x240003dc   COMPRESSED   0x00000010   Data   RW         5432    .data               network_2.o
    0x240003ec   COMPRESSED   0x00000010   Data   RW         5434    .data               network_2.o
    0x240003fc   COMPRESSED   0x00000010   Data   RW         5436    .data               network_2.o
    0x2400040c   COMPRESSED   0x00000010   Data   RW         5438    .data               network_2.o
    0x2400041c   COMPRESSED   0x00000010   Data   RW         5440    .data               network_2.o
    0x2400042c   COMPRESSED   0x00000010   Data   RW         5442    .data               network_2.o
    0x2400043c   COMPRESSED   0x00000010   Data   RW         5444    .data               network_2.o
    0x2400044c   COMPRESSED   0x00000010   Data   RW         5446    .data               network_2.o
    0x2400045c   COMPRESSED   0x00000010   Data   RW         5448    .data               network_2.o
    0x2400046c   COMPRESSED   0x00000010   Data   RW         5450    .data               network_2.o
    0x2400047c   COMPRESSED   0x00000010   Data   RW         5452    .data               network_2.o
    0x2400048c   COMPRESSED   0x00000010   Data   RW         5454    .data               network_2.o
    0x2400049c   COMPRESSED   0x00000010   Data   RW         5456    .data               network_2.o
    0x240004ac   COMPRESSED   0x00000010   Data   RW         5458    .data               network_2.o
    0x240004bc   COMPRESSED   0x00000010   Data   RW         5460    .data               network_2.o
    0x240004cc   COMPRESSED   0x00000010   Data   RW         5462    .data               network_2.o
    0x240004dc   COMPRESSED   0x00000010   Data   RW         5464    .data               network_2.o
    0x240004ec   COMPRESSED   0x00000010   Data   RW         5466    .data               network_2.o
    0x240004fc   COMPRESSED   0x00000010   Data   RW         5468    .data               network_2.o
    0x2400050c   COMPRESSED   0x00000010   Data   RW         5470    .data               network_2.o
    0x2400051c   COMPRESSED   0x00000010   Data   RW         5472    .data               network_2.o
    0x2400052c   COMPRESSED   0x00000010   Data   RW         5474    .data               network_2.o
    0x2400053c   COMPRESSED   0x00000010   Data   RW         5476    .data               network_2.o
    0x2400054c   COMPRESSED   0x00000010   Data   RW         5478    .data               network_2.o
    0x2400055c   COMPRESSED   0x00000010   Data   RW         5480    .data               network_2.o
    0x2400056c   COMPRESSED   0x00000010   Data   RW         5482    .data               network_2.o
    0x2400057c   COMPRESSED   0x00000010   Data   RW         5484    .data               network_2.o
    0x2400058c   COMPRESSED   0x00000010   Data   RW         5486    .data               network_2.o
    0x2400059c   COMPRESSED   0x00000010   Data   RW         5488    .data               network_2.o
    0x240005ac   COMPRESSED   0x00000010   Data   RW         5490    .data               network_2.o
    0x240005bc   COMPRESSED   0x00000010   Data   RW         5492    .data               network_2.o
    0x240005cc   COMPRESSED   0x00000010   Data   RW         5494    .data               network_2.o
    0x240005dc   COMPRESSED   0x00000010   Data   RW         5496    .data               network_2.o
    0x240005ec   COMPRESSED   0x00000010   Data   RW         5498    .data               network_2.o
    0x240005fc   COMPRESSED   0x00000010   Data   RW         5500    .data               network_2.o
    0x2400060c   COMPRESSED   0x00000010   Data   RW         5502    .data               network_2.o
    0x2400061c   COMPRESSED   0x00000010   Data   RW         5504    .data               network_2.o
    0x2400062c   COMPRESSED   0x00000010   Data   RW         5506    .data               network_2.o
    0x2400063c   COMPRESSED   0x00000010   Data   RW         5508    .data               network_2.o
    0x2400064c   COMPRESSED   0x00000010   Data   RW         5510    .data               network_2.o
    0x2400065c   COMPRESSED   0x00000010   Data   RW         5512    .data               network_2.o
    0x2400066c   COMPRESSED   0x00000010   Data   RW         5514    .data               network_2.o
    0x2400067c   COMPRESSED   0x00000010   Data   RW         5516    .data               network_2.o
    0x2400068c   COMPRESSED   0x00000010   Data   RW         5518    .data               network_2.o
    0x2400069c   COMPRESSED   0x00000010   Data   RW         5520    .data               network_2.o
    0x240006ac   COMPRESSED   0x00000010   Data   RW         5522    .data               network_2.o
    0x240006bc   COMPRESSED   0x00000010   Data   RW         5524    .data               network_2.o
    0x240006cc   COMPRESSED   0x00000010   Data   RW         5526    .data               network_2.o
    0x240006dc   COMPRESSED   0x00000010   Data   RW         5528    .data               network_2.o
    0x240006ec   COMPRESSED   0x00000010   Data   RW         5530    .data               network_2.o
    0x240006fc   COMPRESSED   0x00000010   Data   RW         5532    .data               network_2.o
    0x2400070c   COMPRESSED   0x00000010   Data   RW         5534    .data               network_2.o
    0x2400071c   COMPRESSED   0x00000010   Data   RW         5536    .data               network_2.o
    0x2400072c   COMPRESSED   0x00000010   Data   RW         5538    .data               network_2.o
    0x2400073c   COMPRESSED   0x00000004   Data   RW         5541    .data               network_2.o
    0x24000740   COMPRESSED   0x00000004   Data   RW         5544    .data               network_2.o
    0x24000744   COMPRESSED   0x0000000c   Data   RW         5546    .data               network_2.o
    0x24000750   COMPRESSED   0x00000004   Data   RW         5547    .data               network_2.o
    0x24000754   COMPRESSED   0x00000004   Data   RW         5550    .data               network_2.o
    0x24000758   COMPRESSED   0x00000004   Data   RW         5552    .data               network_2.o
    0x2400075c   COMPRESSED   0x00000004   Data   RW         5555    .data               network_2.o
    0x24000760   COMPRESSED   0x00000004   Data   RW         5559    .data               network_2.o
    0x24000764   COMPRESSED   0x0000000c   Data   RW         5561    .data               network_2.o
    0x24000770   COMPRESSED   0x00000004   Data   RW         5562    .data               network_2.o
    0x24000774   COMPRESSED   0x00000004   Data   RW         5565    .data               network_2.o
    0x24000778   COMPRESSED   0x00000004   Data   RW         5567    .data               network_2.o
    0x2400077c   COMPRESSED   0x00000004   Data   RW         5571    .data               network_2.o
    0x24000780   COMPRESSED   0x00000004   Data   RW         5575    .data               network_2.o
    0x24000784   COMPRESSED   0x0000000c   Data   RW         5577    .data               network_2.o
    0x24000790   COMPRESSED   0x00000004   Data   RW         5578    .data               network_2.o
    0x24000794   COMPRESSED   0x00000004   Data   RW         5581    .data               network_2.o
    0x24000798   COMPRESSED   0x00000004   Data   RW         5583    .data               network_2.o
    0x2400079c   COMPRESSED   0x00000010   Data   RW         5585    .data               network_2.o
    0x240007ac   COMPRESSED   0x00000004   Data   RW         5587    .data               network_2.o
    0x240007b0   COMPRESSED   0x00000004   Data   RW         5591    .data               network_2.o
    0x240007b4   COMPRESSED   0x0000000c   Data   RW         5593    .data               network_2.o
    0x240007c0   COMPRESSED   0x00000004   Data   RW         5594    .data               network_2.o
    0x240007c4   COMPRESSED   0x00000004   Data   RW         5597    .data               network_2.o
    0x240007c8   COMPRESSED   0x00000004   Data   RW         5599    .data               network_2.o
    0x240007cc   COMPRESSED   0x00000004   Data   RW         5603    .data               network_2.o
    0x240007d0   COMPRESSED   0x00000004   Data   RW         5607    .data               network_2.o
    0x240007d4   COMPRESSED   0x0000000c   Data   RW         5609    .data               network_2.o
    0x240007e0   COMPRESSED   0x00000004   Data   RW         5610    .data               network_2.o
    0x240007e4   COMPRESSED   0x00000004   Data   RW         5613    .data               network_2.o
    0x240007e8   COMPRESSED   0x00000004   Data   RW         5615    .data               network_2.o
    0x240007ec   COMPRESSED   0x00000010   Data   RW         5617    .data               network_2.o
    0x240007fc   COMPRESSED   0x00000004   Data   RW         5619    .data               network_2.o
    0x24000800   COMPRESSED   0x00000004   Data   RW         5623    .data               network_2.o
    0x24000804   COMPRESSED   0x0000000c   Data   RW         5625    .data               network_2.o
    0x24000810   COMPRESSED   0x00000004   Data   RW         5626    .data               network_2.o
    0x24000814   COMPRESSED   0x00000004   Data   RW         5629    .data               network_2.o
    0x24000818   COMPRESSED   0x00000004   Data   RW         5631    .data               network_2.o
    0x2400081c   COMPRESSED   0x00000004   Data   RW         5635    .data               network_2.o
    0x24000820   COMPRESSED   0x00000004   Data   RW         5639    .data               network_2.o
    0x24000824   COMPRESSED   0x0000000c   Data   RW         5641    .data               network_2.o
    0x24000830   COMPRESSED   0x00000004   Data   RW         5642    .data               network_2.o
    0x24000834   COMPRESSED   0x00000004   Data   RW         5645    .data               network_2.o
    0x24000838   COMPRESSED   0x00000004   Data   RW         5647    .data               network_2.o
    0x2400083c   COMPRESSED   0x00000010   Data   RW         5649    .data               network_2.o
    0x2400084c   COMPRESSED   0x00000004   Data   RW         5651    .data               network_2.o
    0x24000850   COMPRESSED   0x00000004   Data   RW         5655    .data               network_2.o
    0x24000854   COMPRESSED   0x0000000c   Data   RW         5657    .data               network_2.o
    0x24000860   COMPRESSED   0x00000004   Data   RW         5658    .data               network_2.o
    0x24000864   COMPRESSED   0x00000004   Data   RW         5661    .data               network_2.o
    0x24000868   COMPRESSED   0x00000004   Data   RW         5663    .data               network_2.o
    0x2400086c   COMPRESSED   0x00000004   Data   RW         5667    .data               network_2.o
    0x24000870   COMPRESSED   0x00000004   Data   RW         5671    .data               network_2.o
    0x24000874   COMPRESSED   0x0000000c   Data   RW         5673    .data               network_2.o
    0x24000880   COMPRESSED   0x00000004   Data   RW         5674    .data               network_2.o
    0x24000884   COMPRESSED   0x00000004   Data   RW         5677    .data               network_2.o
    0x24000888   COMPRESSED   0x00000004   Data   RW         5679    .data               network_2.o
    0x2400088c   COMPRESSED   0x00000010   Data   RW         5681    .data               network_2.o
    0x2400089c   COMPRESSED   0x00000004   Data   RW         5683    .data               network_2.o
    0x240008a0   COMPRESSED   0x00000004   Data   RW         5687    .data               network_2.o
    0x240008a4   COMPRESSED   0x0000000c   Data   RW         5689    .data               network_2.o
    0x240008b0   COMPRESSED   0x00000004   Data   RW         5690    .data               network_2.o
    0x240008b4   COMPRESSED   0x00000004   Data   RW         5693    .data               network_2.o
    0x240008b8   COMPRESSED   0x00000004   Data   RW         5695    .data               network_2.o
    0x240008bc   COMPRESSED   0x00000004   Data   RW         5699    .data               network_2.o
    0x240008c0   COMPRESSED   0x00000004   Data   RW         5703    .data               network_2.o
    0x240008c4   COMPRESSED   0x0000000c   Data   RW         5705    .data               network_2.o
    0x240008d0   COMPRESSED   0x00000004   Data   RW         5706    .data               network_2.o
    0x240008d4   COMPRESSED   0x00000004   Data   RW         5709    .data               network_2.o
    0x240008d8   COMPRESSED   0x00000004   Data   RW         5711    .data               network_2.o
    0x240008dc   COMPRESSED   0x00000010   Data   RW         5713    .data               network_2.o
    0x240008ec   COMPRESSED   0x00000004   Data   RW         5715    .data               network_2.o
    0x240008f0   COMPRESSED   0x00000004   Data   RW         5719    .data               network_2.o
    0x240008f4   COMPRESSED   0x0000000c   Data   RW         5721    .data               network_2.o
    0x24000900   COMPRESSED   0x00000004   Data   RW         5722    .data               network_2.o
    0x24000904   COMPRESSED   0x00000004   Data   RW         5725    .data               network_2.o
    0x24000908   COMPRESSED   0x00000004   Data   RW         5727    .data               network_2.o
    0x2400090c   COMPRESSED   0x00000004   Data   RW         5731    .data               network_2.o
    0x24000910   COMPRESSED   0x00000004   Data   RW         5735    .data               network_2.o
    0x24000914   COMPRESSED   0x0000000c   Data   RW         5737    .data               network_2.o
    0x24000920   COMPRESSED   0x00000004   Data   RW         5738    .data               network_2.o
    0x24000924   COMPRESSED   0x00000004   Data   RW         5741    .data               network_2.o
    0x24000928   COMPRESSED   0x00000004   Data   RW         5743    .data               network_2.o
    0x2400092c   COMPRESSED   0x00000010   Data   RW         5745    .data               network_2.o
    0x2400093c   COMPRESSED   0x00000004   Data   RW         5747    .data               network_2.o
    0x24000940   COMPRESSED   0x00000004   Data   RW         5751    .data               network_2.o
    0x24000944   COMPRESSED   0x0000000c   Data   RW         5753    .data               network_2.o
    0x24000950   COMPRESSED   0x00000004   Data   RW         5754    .data               network_2.o
    0x24000954   COMPRESSED   0x00000004   Data   RW         5757    .data               network_2.o
    0x24000958   COMPRESSED   0x00000004   Data   RW         5759    .data               network_2.o
    0x2400095c   COMPRESSED   0x00000004   Data   RW         5763    .data               network_2.o
    0x24000960   COMPRESSED   0x00000010   Data   RW         5767    .data               network_2.o
    0x24000970   COMPRESSED   0x00000010   Data   RW         5770    .data               network_2.o
    0x24000980   COMPRESSED   0x00000008   Data   RW         5773    .data               network_2.o
    0x24000988   COMPRESSED   0x00000004   Data   RW         5774    .data               network_2.o
    0x2400098c   COMPRESSED   0x0000000c   Data   RW         5775    .data               network_2.o
    0x24000998   COMPRESSED   0x00000010   Data   RW         6190    .data               network_2_data.o
    0x240009a8   COMPRESSED   0x00000004   Data   RW         8189    .data               mc_w.l(stdout.o)
    0x240009ac   COMPRESSED   0x00000014   PAD
    0x240009c0        -       0x000675a8   Zero   RW           21    .bss                main.o


==============================================================================

Image component sizes


      Code (inc. data)   RO Data    RW Data    ZI Data      Debug   Object Name

       162          0          0          0          0       1753   ai_image_process.o
       858        168       5141          8          0      10203   dcmi_ov5640.o
         0          0       4560         12          0       2083   lcd_fonts.o
      2408        152          0          8       2064      15891   lcd_spi_200.o
        80         10          0          0          0       1075   led.o
      1792        480          0         12     423456    1354922   main.o
      2776        110      15655      15816        536      76653   network_2.o
       112          8        104         88          0      16802   network_2_data.o
       452         82          0          0          0       3569   qspi_w25q256.o
       924         42          0          0          0       8699   sccb.o
        36          8        664          0      16384        848   startup_stm32h750xx.o
       232         44          0         12          0      23548   stm32h7xx_hal.o
       354         28          0          0          0      42021   stm32h7xx_hal_cortex.o
       938         22          0          0          0       8782   stm32h7xx_hal_dcmi.o
      5988        246          8          0          0      12070   stm32h7xx_hal_dma.o
      1432         56          0          0          0       3501   stm32h7xx_hal_dma_ex.o
       592         50          0          0          0       3680   stm32h7xx_hal_gpio.o
       888         92          0          0          0       4473   stm32h7xx_hal_msp.o
        84          6          0          0          0        801   stm32h7xx_hal_pwr_ex.o
      1304         10          0          0          0       8151   stm32h7xx_hal_qspi.o
      2466        102          0          0          0       7260   stm32h7xx_hal_rcc.o
      3736        118          0          0          0       7981   stm32h7xx_hal_rcc_ex.o
      1228         14          0          0          0       5042   stm32h7xx_hal_spi.o
      1816        112         24          0          0      27030   stm32h7xx_hal_uart.o
       284          6         16          0          0       3881   stm32h7xx_hal_uart_ex.o
        44         12          0          0          0       5238   stm32h7xx_it.o
       220         40         16          8          0       1538   system_stm32h7xx.o
        24          6          0          0          0       2277   usart.o

    ----------------------------------------------------------------------
     31262       2024      26428      15964     442444    1659772   Object Totals
         0          0         64          0          0          0   (incl. Generated)
        32          0        176          0          4          0   (incl. Padding)

    ----------------------------------------------------------------------

      Code (inc. data)   RO Data    RW Data    ZI Data      Debug   Library Member Name

       408         54          0          0          0        488   ai_datatypes_format.o
        52          6          0          0          0        244   ai_datatypes_internal.o
       122          8          0          0          0        240   ai_platform.o
      2172         66        104          0          0       2644   ai_platform_interface.o
        42          0          0          0          0        348   core_common.o
        80          0          0          0          0        148   forward_lite_avepool_is8os8.o
      1776          0          0          0          0        268   forward_lite_conv2d_sssa8_ch.o
      1860          0          0          0          0        288   forward_lite_dw_sssa8_ch.o
       978          0          0          0          0        724   forward_lite_pad_generic.o
       570          0          0          0          0        160   forward_lite_pw_sssa8_ch.o
       226          6          0          0          0        628   layers.o
       644          0          0          0          0        392   layers_conv2d_sssa8_ch.o
       580          0          0          0          0        392   layers_dw_sssa8_ch.o
        34          0          0          0          0        116   layers_generic_float.o
       242          6          0          0          0        256   layers_nl_stm32_integer.o
       728          0          0          0          0        560   layers_pad_generic.o
       388          0          0          0          0        288   layers_pool_stm32_integer.o
       570          0          0          0          0        392   layers_pw_sssa8_ch.o
        88          0          0          0          0        272   lite_nl_generic_integer.o
      2806         90          0          0          0        588   lite_nl_softmax_is8os8.o
      1850         48          0          0          0        288   lite_nl_softmax_iu8ou8.o
        76          0          0          0          0        132   st_align_factor.o
        48          0          0          0          0        128   st_int16_fill.o
       224          0          0          0          0        256   st_int8_fill.o
       344          6          0          0          0        148   st_int8_pool.o
      1434          0          0          0          0        556   st_int8_to16_no_shift.o
       222          0          0          0          0        248   st_padding_opt.o
       168          0          0          0          0        140   st_sssa8_ch_convolve.o
       828          0          0          0          0          0   st_sssa8_ch_nn_mat_mult_kernel_opt.o
       620          0          0          0          0        148   st_sssa8_ch_nn_mat_mult_kernel_single_opt.o
       486          0          0          0          0        280   st_sssa8_ch_nn_mat_mult_nt_t.o
      2736          0          0          0          0          0   st_sssa8_ch_nn_mat_mult_pw_nt_t.o
        86          0          0          0          0          0   __dczerorl2.o
         0          0          0          0          0          0   entry.o
         0          0          0          0          0          0   entry10a.o
         0          0          0          0          0          0   entry11a.o
         8          4          0          0          0          0   entry2.o
         4          0          0          0          0          0   entry5.o
         0          0          0          0          0          0   entry7b.o
         0          0          0          0          0          0   entry8b.o
         8          4          0          0          0          0   entry9a.o
        30          0          0          0          0          0   handlers.o
        36          8          0          0          0         68   init.o
         0          0          0          0          0          0   iusefp.o
        98          0          0          0          0         84   ldiv.o
        30          0          0          0          0         68   llshl.o
        36          0          0          0          0         68   llsshr.o
        32          0          0          0          0         68   llushr.o
        26          0          0          0          0         80   memcmp.o
        36          0          0          0          0         68   memcpya.o
        36          0          0          0          0        108   memseta.o
      2308         96          0          0          0        604   printfa.o
         0          0          0          4          0          0   stdout.o
        44          0          0          0          0         80   uidiv.o
        98          0          0          0          0         92   uldiv.o
        48          0          0          0          0         68   cdrcmple.o
       334          0          0          0          0        148   dadd.o
       222          0          0          0          0        100   ddiv.o
       186          0          0          0          0        176   depilogue.o
        48          0          0          0          0         68   dfixul.o
       228          0          0          0          0         96   dmul.o

    ----------------------------------------------------------------------
     27422        402        104          4         20      13804   Library Totals
        38          0          0          0         20          0   (incl. Padding)

    ----------------------------------------------------------------------

      Code (inc. data)   RO Data    RW Data    ZI Data      Debug   Library Name

     23402        290        104          0          0      11760   NetworkRuntime1020_CM7_Keil.lib
      2916        112          0          4          0       1388   mc_w.l
      1066          0          0          0          0        656   mf_w.l

    ----------------------------------------------------------------------
     27422        402        104          4         20      13804   Library Totals

    ----------------------------------------------------------------------

==============================================================================


      Code (inc. data)   RO Data    RW Data    ZI Data      Debug   

     58684       2426      26532      15968     442464    1648668   Grand Totals
     58684       2426      26532       4812     442464    1648668   ELF Image Totals (compressed)
     58684       2426      26532       4812          0          0   ROM Totals

==============================================================================

    Total RO  Size (Code + RO Data)                85216 (  83.22kB)
    Total RW  Size (RW Data + ZI Data)            458432 ( 447.69kB)
    Total ROM Size (Code + RO Data + RW Data)      90028 (  87.92kB)

==============================================================================

